Archive member included to satisfy reference by file (symbol)

/opt/st/stm32cubeide_1.16.1_3/plugins/com.st.stm32cube.ide.mcu.externaltools.gnu-tools-for-stm32.12.3.rel1.linux64_1.0.200.202406132123/tools/bin/../lib/gcc/arm-none-eabi/12.3.1/../../../../arm-none-eabi/lib/thumb/v7e-m+fp/hard/libc_nano.a(libc_a-exit.o)
                              /opt/st/stm32cubeide_1.16.1_3/plugins/com.st.stm32cube.ide.mcu.externaltools.gnu-tools-for-stm32.12.3.rel1.linux64_1.0.200.202406132123/tools/bin/../lib/gcc/arm-none-eabi/12.3.1/../../../../arm-none-eabi/lib/thumb/v7e-m+fp/hard/crt0.o (exit)
/opt/st/stm32cubeide_1.16.1_3/plugins/com.st.stm32cube.ide.mcu.externaltools.gnu-tools-for-stm32.12.3.rel1.linux64_1.0.200.202406132123/tools/bin/../lib/gcc/arm-none-eabi/12.3.1/../../../../arm-none-eabi/lib/thumb/v7e-m+fp/hard/libc_nano.a(libc_a-strtod.o)
                              ./Core/Src/main.o (strtod)
/opt/st/stm32cubeide_1.16.1_3/plugins/com.st.stm32cube.ide.mcu.externaltools.gnu-tools-for-stm32.12.3.rel1.linux64_1.0.200.202406132123/tools/bin/../lib/gcc/arm-none-eabi/12.3.1/../../../../arm-none-eabi/lib/thumb/v7e-m+fp/hard/libc_nano.a(libc_a-findfp.o)
                              /opt/st/stm32cubeide_1.16.1_3/plugins/com.st.stm32cube.ide.mcu.externaltools.gnu-tools-for-stm32.12.3.rel1.linux64_1.0.200.202406132123/tools/bin/../lib/gcc/arm-none-eabi/12.3.1/../../../../arm-none-eabi/lib/thumb/v7e-m+fp/hard/libc_nano.a(libc_a-exit.o) (__stdio_exit_handler)
/opt/st/stm32cubeide_1.16.1_3/plugins/com.st.stm32cube.ide.mcu.externaltools.gnu-tools-for-stm32.12.3.rel1.linux64_1.0.200.202406132123/tools/bin/../lib/gcc/arm-none-eabi/12.3.1/../../../../arm-none-eabi/lib/thumb/v7e-m+fp/hard/libc_nano.a(libc_a-fwalk.o)
                              /opt/st/stm32cubeide_1.16.1_3/plugins/com.st.stm32cube.ide.mcu.externaltools.gnu-tools-for-stm32.12.3.rel1.linux64_1.0.200.202406132123/tools/bin/../lib/gcc/arm-none-eabi/12.3.1/../../../../arm-none-eabi/lib/thumb/v7e-m+fp/hard/libc_nano.a(libc_a-findfp.o) (_fwalk_sglue)
/opt/st/stm32cubeide_1.16.1_3/plugins/com.st.stm32cube.ide.mcu.externaltools.gnu-tools-for-stm32.12.3.rel1.linux64_1.0.200.202406132123/tools/bin/../lib/gcc/arm-none-eabi/12.3.1/../../../../arm-none-eabi/lib/thumb/v7e-m+fp/hard/libc_nano.a(libc_a-stdio.o)
                              /opt/st/stm32cubeide_1.16.1_3/plugins/com.st.stm32cube.ide.mcu.externaltools.gnu-tools-for-stm32.12.3.rel1.linux64_1.0.200.202406132123/tools/bin/../lib/gcc/arm-none-eabi/12.3.1/../../../../arm-none-eabi/lib/thumb/v7e-m+fp/hard/libc_nano.a(libc_a-findfp.o) (__sread)
/opt/st/stm32cubeide_1.16.1_3/plugins/com.st.stm32cube.ide.mcu.externaltools.gnu-tools-for-stm32.12.3.rel1.linux64_1.0.200.202406132123/tools/bin/../lib/gcc/arm-none-eabi/12.3.1/../../../../arm-none-eabi/lib/thumb/v7e-m+fp/hard/libc_nano.a(libc_a-memset.o)
                              /opt/st/stm32cubeide_1.16.1_3/plugins/com.st.stm32cube.ide.mcu.externaltools.gnu-tools-for-stm32.12.3.rel1.linux64_1.0.200.202406132123/tools/bin/../lib/gcc/arm-none-eabi/12.3.1/../../../../arm-none-eabi/lib/thumb/v7e-m+fp/hard/crt0.o (memset)
/opt/st/stm32cubeide_1.16.1_3/plugins/com.st.stm32cube.ide.mcu.externaltools.gnu-tools-for-stm32.12.3.rel1.linux64_1.0.200.202406132123/tools/bin/../lib/gcc/arm-none-eabi/12.3.1/../../../../arm-none-eabi/lib/thumb/v7e-m+fp/hard/libc_nano.a(libc_a-strncmp.o)
                              /opt/st/stm32cubeide_1.16.1_3/plugins/com.st.stm32cube.ide.mcu.externaltools.gnu-tools-for-stm32.12.3.rel1.linux64_1.0.200.202406132123/tools/bin/../lib/gcc/arm-none-eabi/12.3.1/../../../../arm-none-eabi/lib/thumb/v7e-m+fp/hard/libc_nano.a(libc_a-strtod.o) (strncmp)
/opt/st/stm32cubeide_1.16.1_3/plugins/com.st.stm32cube.ide.mcu.externaltools.gnu-tools-for-stm32.12.3.rel1.linux64_1.0.200.202406132123/tools/bin/../lib/gcc/arm-none-eabi/12.3.1/../../../../arm-none-eabi/lib/thumb/v7e-m+fp/hard/libc_nano.a(libc_a-locale.o)
                              /opt/st/stm32cubeide_1.16.1_3/plugins/com.st.stm32cube.ide.mcu.externaltools.gnu-tools-for-stm32.12.3.rel1.linux64_1.0.200.202406132123/tools/bin/../lib/gcc/arm-none-eabi/12.3.1/../../../../arm-none-eabi/lib/thumb/v7e-m+fp/hard/libc_nano.a(libc_a-strtod.o) (__global_locale)
/opt/st/stm32cubeide_1.16.1_3/plugins/com.st.stm32cube.ide.mcu.externaltools.gnu-tools-for-stm32.12.3.rel1.linux64_1.0.200.202406132123/tools/bin/../lib/gcc/arm-none-eabi/12.3.1/../../../../arm-none-eabi/lib/thumb/v7e-m+fp/hard/libc_nano.a(libc_a-closer.o)
                              /opt/st/stm32cubeide_1.16.1_3/plugins/com.st.stm32cube.ide.mcu.externaltools.gnu-tools-for-stm32.12.3.rel1.linux64_1.0.200.202406132123/tools/bin/../lib/gcc/arm-none-eabi/12.3.1/../../../../arm-none-eabi/lib/thumb/v7e-m+fp/hard/libc_nano.a(libc_a-stdio.o) (_close_r)
[...]
Memory Configuration

Name             Origin             Length             Attributes
RAM              0x20000000         0x00018000         xrw
FLASH            0x08000000         0x00080000         xr
*default*        0x00000000         0xffffffff

Linker script and memory map

LOAD /opt/st/stm32cubeide_1.16.1_3/plugins/com.st.stm32cube.ide.mcu.externaltools.gnu-tools-for-stm32.12.3.rel1.linux64_1.0.200.202406132123/tools/bin/../lib/gcc/arm-none-eabi/12.3.1/thumb/v7e-m+fp/hard/crti.o
LOAD /opt/st/stm32cubeide_1.16.1_3/plugins/com.st.stm32cube.ide.mcu.externaltools.gnu-tools-for-stm32.12.3.rel1.linux64_1.0.200.202406132123/tools/bin/../lib/gcc/arm-none-eabi/12.3.1/thumb/v7e-m+fp/hard/crtbegin.o
LOAD /opt/st/stm32cubeide_1.16.1_3/plugins/com.st.stm32cube.ide.mcu.externaltools.gnu-tools-for-stm32.12.3.rel1.linux64_1.0.200.202406132123/tools/bin/../lib/gcc/arm-none-eabi/12.3.1/../../../../arm-none-eabi/lib/thumb/v7e-m+fp/hard/crt0.o
LOAD ./Core/Src/main.o
LOAD ./Core/Src/stm32f4xx_hal_msp.o
LOAD ./Core/Src/stm32f4xx_it.o
LOAD ./Core/Src/syscalls.o
LOAD ./Core/Src/sysmem.o
LOAD ./Core/Src/system_stm32f4xx.o
LOAD ./Core/Startup/startup_stm32f401retx.o
LOAD ./Drivers/STM32F4xx_HAL_Driver/Src/stm32f4xx_hal.o
LOAD ./Drivers/STM32F4xx_HAL_Driver/Src/stm32f4xx_hal_cortex.o
LOAD ./Drivers/STM32F4xx_HAL_Driver/Src/stm32f4xx_hal_dma.o
LOAD ./Drivers/STM32F4xx_HAL_Driver/Src/stm32f4xx_hal_dma_ex.o
LOAD ./Drivers/STM32F4xx_HAL_Driver/Src/stm32f4xx_hal_exti.o
LOAD ./Drivers/STM32F4xx_HAL_Driver/Src/stm32f4xx_hal_flash.o
LOAD ./Drivers/STM32F4xx_HAL_Driver/Src/stm32f4xx_hal_flash_ex.o
LOAD ./Drivers/STM32F4xx_HAL_Driver/Src/stm32f4xx_hal_flash_ramfunc.o
LOAD ./Drivers/STM32F4xx_HAL_Driver/Src/stm32f4xx_hal_gpio.o
LOAD ./Drivers/STM32F4xx_HAL_Driver/Src/stm32f4xx_hal_pcd.o
LOAD ./Drivers/STM32F4xx_HAL_Driver/Src/stm32f4xx_hal_pcd_ex.o
LOAD ./Drivers/STM32F4xx_HAL_Driver/Src/stm32f4xx_hal_pwr.o
LOAD ./Drivers/STM32F4xx_HAL_Driver/Src/stm32f4xx_hal_pwr_ex.o
LOAD ./Drivers/STM32F4xx_HAL_Driver/Src/stm32f4xx_hal_rcc.o
LOAD ./Drivers/STM32F4xx_HAL_Driver/Src/stm32f4xx_hal_rcc_ex.o
LOAD ./Drivers/STM32F4xx_HAL_Driver/Src/stm32f4xx_hal_tim.o
LOAD ./Drivers/STM32F4xx_HAL_Driver/Src/stm32f4xx_hal_tim_ex.o
LOAD ./Drivers/STM32F4xx_HAL_Driver/Src/stm32f4xx_hal_uart.o
LOAD ./Drivers/STM32F4xx_HAL_Driver/Src/stm32f4xx_ll_usb.o
LOAD ./Middlewares/ST/STM32_USB_Device_Library/Class/CDC/Src/usbd_cdc.o
LOAD ./Middlewares/ST/STM32_USB_Device_Library/Core/Src/usbd_core.o
LOAD ./Middlewares/ST/STM32_USB_Device_Library/Core/Src/usbd_ctlreq.o
LOAD ./Middlewares/ST/STM32_USB_Device_Library/Core/Src/usbd_ioreq.o
LOAD ./USB_DEVICE/App/usb_device.o
LOAD ./USB_DEVICE/App/usbd_cdc_if.o
LOAD ./USB_DEVICE/App/usbd_desc.o
LOAD ./USB_DEVICE/Target/usbd_conf.o
START GROUP
LOAD /opt/st/stm32cubeide_1.16.1_3/plugins/com.st.stm32cube.ide.mcu.externaltools.gnu-tools-for-stm32.12.3.rel1.linux64_1.0.200.202406132123/tools/bin/../lib/gcc/arm-none-eabi/12.3.1/../../../../arm-none-eabi/lib/thumb/v7e-m+fp/hard/libc_nano.a
LOAD /opt/st/stm32cubeide_1.16.1_3/plugins/com.st.stm32cube.ide.mcu.externaltools.gnu-tools-for-stm32.12.3.rel1.linux64_1.0.200.202406132123/tools/bin/../lib/gcc/arm-none-eabi/12.3.1/../../../../arm-none-eabi/lib/thumb/v7e-m+fp/hard/libm.a
END GROUP
START GROUP
LOAD /opt/st/stm32cubeide_1.16.1_3/plugins/com.st.stm32cube.ide.mcu.externaltools.gnu-tools-for-stm32.12.3.rel1.linux64_1.0.200.202406132123/tools/bin/../lib/gcc/arm-none-eabi/12.3.1/thumb/v7e-m+fp/hard/libgcc.a
LOAD /opt/st/stm32cubeide_1.16.1_3/plugins/com.st.stm32cube.ide.mcu.externaltools.gnu-tools-for-stm32.12.3.rel1.linux64_1.0.200.202406132123/tools/bin/../lib/gcc/arm-none-eabi/12.3.1/../../../../arm-none-eabi/lib/thumb/v7e-m+fp/hard/libc_nano.a
END GROUP
START GROUP
LOAD /opt/st/stm32cubeide_1.16.1_3/plugins/com.st.stm32cube.ide.mcu.externaltools.gnu-tools-for-stm32.12.3.rel1.linux64_1.0.200.202406132123/tools/bin/../lib/gcc/arm-none-eabi/12.3.1/thumb/v7e-m+fp/hard/libgcc.a
LOAD /opt/st/stm32cubeide_1.16.1_3/plugins/com.st.stm32cube.ide.mcu.externaltools.gnu-tools-for-stm32.12.3.rel1.linux64_1.0.200.202406132123/tools/bin/../lib/gcc/arm-none-eabi/12.3.1/../../../../arm-none-eabi/lib/thumb/v7e-m+fp/hard/libc_nano.a
LOAD /opt/st/stm32cubeide_1.16.1_3/plugins/com.st.stm32cube.ide.mcu.externaltools.gnu-tools-for-stm32.12.3.rel1.linux64_1.0.200.202406132123/tools/bin/../lib/gcc/arm-none-eabi/12.3.1/../../../../arm-none-eabi/lib/thumb/v7e-m+fp/hard/libnosys.a
END GROUP
START GROUP
LOAD /opt/st/stm32cubeide_1.16.1_3/plugins/com.st.stm32cube.ide.mcu.externaltools.gnu-tools-for-stm32.12.3.rel1.linux64_1.0.200.202406132123/tools/bin/../lib/gcc/arm-none-eabi/12.3.1/thumb/v7e-m+fp/hard/libgcc.a
LOAD /opt/st/stm32cubeide_1.16.1_3/plugins/com.st.stm32cube.ide.mcu.externaltools.gnu-tools-for-stm32.12.3.rel1.linux64_1.0.200.202406132123/tools/bin/../lib/gcc/arm-none-eabi/12.3.1/../../../../arm-none-eabi/lib/thumb/v7e-m+fp/hard/libc_nano.a
LOAD /opt/st/stm32cubeide_1.16.1_3/plugins/com.st.stm32cube.ide.mcu.externaltools.gnu-tools-for-stm32.12.3.rel1.linux64_1.0.200.202406132123/tools/bin/../lib/gcc/arm-none-eabi/12.3.1/../../../../arm-none-eabi/lib/thumb/v7e-m+fp/hard/libnosys.a
END GROUP
LOAD /opt/st/stm32cubeide_1.16.1_3/plugins/com.st.stm32cube.ide.mcu.externaltools.gnu-tools-for-stm32.12.3.rel1.linux64_1.0.200.202406132123/tools/bin/../lib/gcc/arm-none-eabi/12.3.1/thumb/v7e-m+fp/hard/crtend.o
LOAD /opt/st/stm32cubeide_1.16.1_3/plugins/com.st.stm32cube.ide.mcu.externaltools.gnu-tools-for-stm32.12.3.rel1.linux64_1.0.200.202406132123/tools/bin/../lib/gcc/arm-none-eabi/12.3.1/thumb/v7e-m+fp/hard/crtn.o
                0x20018000                        _estack = (ORIGIN (RAM) + LENGTH (RAM))
                0x00000200                        _Min_Heap_Size = 0x200
                0x00000400                        _Min_Stack_Size = 0x400

.isr_vector     0x08000000      0x194
                0x08000000                        . = ALIGN (0x4)
 *(.isr_vector)
 .isr_vector    0x08000000      0x194 ./Core/Startup/startup_stm32f401retx.o
                0x08000000                g_pfnVectors
                0x08000194                        . = ALIGN (0x4)

.text           0x080001a0     0xbe24
                0x080001a0                        . = ALIGN (0x4)
 *(.text)
 .text          0x080001a0       0x40 /opt/st/stm32cubeide_1.16.1_3/plugins/com.st.stm32cube.ide.mcu.externaltools.gnu-tools-for-stm32.12.3.rel1.linux64_1.0.200.202406132123/tools/bin/../lib/gcc/arm-none-eabi/12.3.1/thumb/v7e-m+fp/hard/crtbegin.o
 .text          0x080001e0       0xa0 /opt/st/stm32cubeide_1.16.1_3/plugins/com.st.stm32cube.ide.mcu.externaltools.gnu-tools-for-stm32.12.3.rel1.linux64_1.0.200.202406132123/tools/bin/../lib/gcc/arm-none-eabi/12.3.1/../../../../arm-none-eabi/lib/thumb/v7e-m+fp/hard/libc_nano.a(libc_a-memchr.o)
                0x080001e0                memchr
 .text          0x08000280      0x378 /opt/st/stm32cubeide_1.16.1_3/plugins/com.st.stm32cube.ide.mcu.externaltools.gnu-tools-for-stm32.12.3.rel1.linux64_1.0.200.202406132123/tools/bin/../lib/gcc/arm-none-eabi/12.3.1/thumb/v7e-m+fp/hard/libgcc.a(_arm_addsubdf3.o)
                0x08000280                __aeabi_drsub
                0x08000288                __aeabi_dsub
                0x08000288                __subdf3
                0x0800028c                __adddf3
                0x0800028c                __aeabi_dadd
                0x08000504                __aeabi_ui2d
                0x08000504                __floatunsidf
                0x08000524                __floatsidf
                0x08000524                __aeabi_i2d
                0x08000548                __extendsfdf2
                0x08000548                __aeabi_f2d
                0x0800058c                __aeabi_ul2d
                0x0800058c                __floatundidf
                0x0800059c                __floatdidf
                0x0800059c                __aeabi_l2d
 .text          0x080005f8      0x424 /opt/st/stm32cubeide_1.16.1_3/plugins/com.st.stm32cube.ide.mcu.externaltools.gnu-tools-for-stm32.12.3.rel1.linux64_1.0.200.202406132123/tools/bin/../lib/gcc/arm-none-eabi/12.3.1/thumb/v7e-m+fp/hard/libgcc.a(_arm_muldivdf3.o)
                0x080005f8                __aeabi_dmul
                0x080005f8                __muldf3
                0x0800084c                __aeabi_ddiv
                0x0800084c                __divdf3
 .text          0x08000a1c      0x110 /opt/st/stm32cubeide_1.16.1_3/plugins/com.st.stm32cube.ide.mcu.externaltools.gnu-tools-for-stm32.12.3.rel1.linux64_1.0.200.202406132123/tools/bin/../lib/gcc/arm-none-eabi/12.3.1/thumb/v7e-m+fp/hard/libgcc.a(_arm_cmpdf2.o)
                0x08000a1c                __gtdf2
                0x08000a1c                __gedf2
                0x08000a24                __ltdf2
                0x08000a24                __ledf2
                0x08000a2c                __cmpdf2
                0x08000a2c                __eqdf2
                0x08000a2c                __nedf2
                0x08000aa8                __aeabi_cdrcmple
                0x08000ab8                __aeabi_cdcmple
                0x08000ab8                __aeabi_cdcmpeq
                0x08000ac8                __aeabi_dcmpeq
                0x08000adc                __aeabi_dcmplt
                0x08000af0                __aeabi_dcmple
                0x08000b04                __aeabi_dcmpge
                0x08000b18                __aeabi_dcmpgt
 .text          0x08000b2c       0x40 /opt/st/stm32cubeide_1.16.1_3/plugins/com.st.stm32cube.ide.mcu.externaltools.gnu-tools-for-stm32.12.3.rel1.linux64_1.0.200.202406132123/tools/bin/../lib/gcc/arm-none-eabi/12.3.1/thumb/v7e-m+fp/hard/libgcc.a(_arm_fixunsdfsi.o)
                0x08000b2c                __fixunsdfsi
                0x08000b2c                __aeabi_d2uiz
 .text          0x08000b6c       0x30 /opt/st/stm32cubeide_1.16.1_3/plugins/com.st.stm32cube.ide.mcu.externaltools.gnu-tools-for-stm32.12.3.rel1.linux64_1.0.200.202406132123/tools/bin/../lib/gcc/arm-none-eabi/12.3.1/thumb/v7e-m+fp/hard/libgcc.a(_aeabi_uldivmod.o)
                0x08000b6c                __aeabi_uldivmod
 .text          0x08000b9c       0x30 /opt/st/stm32cubeide_1.16.1_3/plugins/com.st.stm32cube.ide.mcu.externaltools.gnu-tools-for-stm32.12.3.rel1.linux64_1.0.200.202406132123/tools/bin/../lib/gcc/arm-none-eabi/12.3.1/thumb/v7e-m+fp/hard/libgcc.a(_fixdfdi.o)
                0x08000b9c                __aeabi_d2lz
                0x08000b9c                __fixdfdi
 .text          0x08000bcc       0x3c /opt/st/stm32cubeide_1.16.1_3/plugins/com.st.stm32cube.ide.mcu.externaltools.gnu-tools-for-stm32.12.3.rel1.linux64_1.0.200.202406132123/tools/bin/../lib/gcc/arm-none-eabi/12.3.1/thumb/v7e-m+fp/hard/libgcc.a(_fixunsdfdi.o)
                0x08000bcc                __aeabi_d2ulz
                0x08000bcc                __fixunsdfdi
 .text          0x08000c08      0x2bc /opt/st/stm32cubeide_1.16.1_3/plugins/com.st.stm32cube.ide.mcu.externaltools.gnu-tools-for-stm32.12.3.rel1.linux64_1.0.200.202406132123/tools/bin/../lib/gcc/arm-none-eabi/12.3.1/thumb/v7e-m+fp/hard/libgcc.a(_udivmoddi4.o)
                0x08000c08                __udivmoddi4
 .text          0x08000ec4        0x4 /opt/st/stm32cubeide_1.16.1_3/plugins/com.st.stm32cube.ide.mcu.externaltools.gnu-tools-for-stm32.12.3.rel1.linux64_1.0.200.202406132123/tools/bin/../lib/gcc/arm-none-eabi/12.3.1/thumb/v7e-m+fp/hard/libgcc.a(_dvmd_tls.o)
                0x08000ec4                __aeabi_ldiv0
                0x08000ec4                __aeabi_idiv0
 *(.text*)
 .text.main     0x08000ec8       0x84 ./Core/Src/main.o
                0x08000ec8                main
 .text.SystemClock_Config
                0x08000f4c       0xd4 ./Core/Src/main.o
                0x08000f4c                SystemClock_Config
 .text.MX_NVIC_Init
                0x08001020       0x28 ./Core/Src/main.o
 .text.MX_TIM9_Init
                0x08001048       0x74 ./Core/Src/main.o
 .text.MX_USART1_UART_Init
                0x080010bc       0x54 ./Core/Src/main.o
 .text.MX_GPIO_Init
                0x08001110       0x34 ./Core/Src/main.o
 .text.get_pitch
                0x08001144      0x1f0 ./Core/Src/main.o
                0x08001144                get_pitch
 .text.Error_Handler
                0x08001334        0xc ./Core/Src/main.o
                0x08001334                Error_Handler
 .text.HAL_MspInit
                0x08001340       0x50 ./Core/Src/stm32f4xx_hal_msp.o
                0x08001340                HAL_MspInit
 .text.HAL_TIM_Base_MspInit
                0x08001390       0x44 ./Core/Src/stm32f4xx_hal_msp.o
                0x08001390                HAL_TIM_Base_MspInit
 .text.HAL_UART_MspInit
                0x080013d4       0x90 ./Core/Src/stm32f4xx_hal_msp.o
                0x080013d4                HAL_UART_MspInit
 .text.NMI_Handler
                0x08001464        0x8 ./Core/Src/stm32f4xx_it.o
                0x08001464                NMI_Handler
 .text.HardFault_Handler
                0x0800146c        0x8 ./Core/Src/stm32f4xx_it.o
                0x0800146c                HardFault_Handler
 .text.MemManage_Handler
                0x08001474        0x8 ./Core/Src/stm32f4xx_it.o
                0x08001474                MemManage_Handler
 .text.BusFault_Handler
                0x0800147c        0x8 ./Core/Src/stm32f4xx_it.o
                0x0800147c                BusFault_Handler
 .text.UsageFault_Handler
                0x08001484        0x8 ./Core/Src/stm32f4xx_it.o
                0x08001484                UsageFault_Handler
 .text.SVC_Handler
                0x0800148c        0xe ./Core/Src/stm32f4xx_it.o
                0x0800148c                SVC_Handler
 .text.DebugMon_Handler
                0x0800149a        0xe ./Core/Src/stm32f4xx_it.o
                0x0800149a                DebugMon_Handler
 .text.PendSV_Handler
                0x080014a8        0xe ./Core/Src/stm32f4xx_it.o
                0x080014a8                PendSV_Handler
 .text.SysTick_Handler
                0x080014b6        0xc ./Core/Src/stm32f4xx_it.o
                0x080014b6                SysTick_Handler
 *fill*         0x080014c2        0x2 
 .text.USART1_IRQHandler
                0x080014c4       0x14 ./Core/Src/stm32f4xx_it.o
                0x080014c4                USART1_IRQHandler
 .text.OTG_FS_IRQHandler
                0x080014d8       0x14 ./Core/Src/stm32f4xx_it.o
                0x080014d8                OTG_FS_IRQHandler
 .text._getpid  0x080014ec       0x10 ./Core/Src/syscalls.o
                0x080014ec                _getpid
 .text._kill    0x080014fc       0x20 ./Core/Src/syscalls.o
                0x080014fc                _kill
 .text._exit    0x0800151c       0x16 ./Core/Src/syscalls.o
                0x0800151c                _exit
 .text._read    0x08001532       0x3a ./Core/Src/syscalls.o
                0x08001532                _read
 .text._write   0x0800156c       0x38 ./Core/Src/syscalls.o
                0x0800156c                _write
 .text._close   0x080015a4       0x18 ./Core/Src/syscalls.o
                0x080015a4                _close
 .text._fstat   0x080015bc       0x20 ./Core/Src/syscalls.o
                0x080015bc                _fstat
 .text._isatty  0x080015dc       0x16 ./Core/Src/syscalls.o
                0x080015dc                _isatty
 .text._lseek   0x080015f2       0x1a ./Core/Src/syscalls.o
                0x080015f2                _lseek
 .text._sbrk    0x0800160c       0x6c ./Core/Src/sysmem.o
                0x0800160c                _sbrk
 .text.SystemInit
                0x08001678       0x24 ./Core/Src/system_stm32f4xx.o
                0x08001678                SystemInit
 .text.Reset_Handler
                0x0800169c       0x50 ./Core/Startup/startup_stm32f401retx.o
                0x0800169c                Reset_Handler
 .text.Default_Handler
                0x080016ec        0x2 ./Core/Startup/startup_stm32f401retx.o
                0x080016ec                RTC_Alarm_IRQHandler
                0x080016ec                EXTI2_IRQHandler
                0x080016ec                SPI4_IRQHandler
                0x080016ec                TIM1_CC_IRQHandler
                0x080016ec                DMA2_Stream5_IRQHandler
                0x080016ec                DMA1_Stream5_IRQHandler
                0x080016ec                PVD_IRQHandler
                0x080016ec                SDIO_IRQHandler
                0x080016ec                TAMP_STAMP_IRQHandler
                0x080016ec                EXTI3_IRQHandler
                0x080016ec                TIM1_UP_TIM10_IRQHandler
                0x080016ec                I2C3_ER_IRQHandler
                0x080016ec                EXTI0_IRQHandler
                0x080016ec                I2C2_EV_IRQHandler
                0x080016ec                DMA1_Stream2_IRQHandler
                0x080016ec                FPU_IRQHandler
                0x080016ec                DMA2_Stream2_IRQHandler
                0x080016ec                SPI1_IRQHandler
                0x080016ec                TIM1_BRK_TIM9_IRQHandler
                0x080016ec                DMA2_Stream3_IRQHandler
                0x080016ec                USART6_IRQHandler
                0x080016ec                DMA2_Stream0_IRQHandler
                0x080016ec                TIM4_IRQHandler
                0x080016ec                I2C1_EV_IRQHandler
                0x080016ec                DMA1_Stream6_IRQHandler
                0x080016ec                DMA1_Stream1_IRQHandler
                0x080016ec                TIM3_IRQHandler
                0x080016ec                RCC_IRQHandler
                0x080016ec                Default_Handler
                0x080016ec                EXTI15_10_IRQHandler
                0x080016ec                ADC_IRQHandler
                0x080016ec                DMA1_Stream7_IRQHandler
                0x080016ec                TIM5_IRQHandler
                0x080016ec                DMA2_Stream7_IRQHandler
                0x080016ec                I2C3_EV_IRQHandler
                0x080016ec                EXTI9_5_IRQHandler
                0x080016ec                RTC_WKUP_IRQHandler
                0x080016ec                SPI2_IRQHandler
                0x080016ec                DMA1_Stream0_IRQHandler
                0x080016ec                EXTI4_IRQHandler
                0x080016ec                WWDG_IRQHandler
                0x080016ec                TIM2_IRQHandler
                0x080016ec                OTG_FS_WKUP_IRQHandler
                0x080016ec                TIM1_TRG_COM_TIM11_IRQHandler
                0x080016ec                EXTI1_IRQHandler
                0x080016ec                USART2_IRQHandler
                0x080016ec                I2C2_ER_IRQHandler
                0x080016ec                DMA2_Stream1_IRQHandler
                0x080016ec                FLASH_IRQHandler
                0x080016ec                DMA2_Stream4_IRQHandler
                0x080016ec                SPI3_IRQHandler
                0x080016ec                DMA1_Stream4_IRQHandler
                0x080016ec                I2C1_ER_IRQHandler
                0x080016ec                DMA2_Stream6_IRQHandler
                0x080016ec                DMA1_Stream3_IRQHandler
 *fill*         0x080016ee        0x2 
 .text.HAL_Init
                0x080016f0       0x44 ./Drivers/STM32F4xx_HAL_Driver/Src/stm32f4xx_hal.o
                0x080016f0                HAL_Init
 .text.HAL_InitTick
                0x08001734       0x60 ./Drivers/STM32F4xx_HAL_Driver/Src/stm32f4xx_hal.o
                0x08001734                HAL_InitTick
 .text.HAL_IncTick
                0x08001794       0x28 ./Drivers/STM32F4xx_HAL_Driver/Src/stm32f4xx_hal.o
                0x08001794                HAL_IncTick
 .text.HAL_GetTick
                0x080017bc       0x18 ./Drivers/STM32F4xx_HAL_Driver/Src/stm32f4xx_hal.o
                0x080017bc                HAL_GetTick
 .text.HAL_Delay
                0x080017d4       0x48 ./Drivers/STM32F4xx_HAL_Driver/Src/stm32f4xx_hal.o
                0x080017d4                HAL_Delay
 .text.__NVIC_SetPriorityGrouping
                0x0800181c       0x48 ./Drivers/STM32F4xx_HAL_Driver/Src/stm32f4xx_hal_cortex.o
 .text.__NVIC_GetPriorityGrouping
                0x08001864       0x1c ./Drivers/STM32F4xx_HAL_Driver/Src/stm32f4xx_hal_cortex.o
 .text.__NVIC_EnableIRQ
                0x08001880       0x3c ./Drivers/STM32F4xx_HAL_Driver/Src/stm32f4xx_hal_cortex.o
 .text.__NVIC_SetPriority
                0x080018bc       0x54 ./Drivers/STM32F4xx_HAL_Driver/Src/stm32f4xx_hal_cortex.o
 .text.NVIC_EncodePriority
                0x08001910       0x66 ./Drivers/STM32F4xx_HAL_Driver/Src/stm32f4xx_hal_cortex.o
 *fill*         0x08001976        0x2 
 .text.SysTick_Config
                0x08001978       0x44 ./Drivers/STM32F4xx_HAL_Driver/Src/stm32f4xx_hal_cortex.o
 .text.HAL_NVIC_SetPriorityGrouping
                0x080019bc       0x16 ./Drivers/STM32F4xx_HAL_Driver/Src/stm32f4xx_hal_cortex.o
                0x080019bc                HAL_NVIC_SetPriorityGrouping
 .text.HAL_NVIC_SetPriority
                0x080019d2       0x38 ./Drivers/STM32F4xx_HAL_Driver/Src/stm32f4xx_hal_cortex.o
                0x080019d2                HAL_NVIC_SetPriority
 .text.HAL_NVIC_EnableIRQ
                0x08001a0a       0x1c ./Drivers/STM32F4xx_HAL_Driver/Src/stm32f4xx_hal_cortex.o
                0x08001a0a                HAL_NVIC_EnableIRQ
 .text.HAL_SYSTICK_Config
                0x08001a26       0x18 ./Drivers/STM32F4xx_HAL_Driver/Src/stm32f4xx_hal_cortex.o
                0x08001a26                HAL_SYSTICK_Config
 .text.HAL_DMA_Start_IT
                0x08001a3e       0xb0 ./Drivers/STM32F4xx_HAL_Driver/Src/stm32f4xx_hal_dma.o
                0x08001a3e                HAL_DMA_Start_IT
 .text.HAL_DMA_Abort
                0x08001aee       0xe0 ./Drivers/STM32F4xx_HAL_Driver/Src/stm32f4xx_hal_dma.o
                0x08001aee                HAL_DMA_Abort
 .text.HAL_DMA_Abort_IT
                0x08001bce       0x44 ./Drivers/STM32F4xx_HAL_Driver/Src/stm32f4xx_hal_dma.o
                0x08001bce                HAL_DMA_Abort_IT
 .text.DMA_SetConfig
                0x08001c12       0x5c ./Drivers/STM32F4xx_HAL_Driver/Src/stm32f4xx_hal_dma.o
 *fill*         0x08001c6e        0x2 
 .text.HAL_GPIO_Init
                0x08001c70      0x308 ./Drivers/STM32F4xx_HAL_Driver/Src/stm32f4xx_hal_gpio.o
                0x08001c70                HAL_GPIO_Init
 .text.HAL_PCD_Init
                0x08001f78      0x21e ./Drivers/STM32F4xx_HAL_Driver/Src/stm32f4xx_hal_pcd.o
                0x08001f78                HAL_PCD_Init
 .text.HAL_PCD_Start
                0x08002196       0x6a ./Drivers/STM32F4xx_HAL_Driver/Src/stm32f4xx_hal_pcd.o
                0x08002196                HAL_PCD_Start
 .text.HAL_PCD_IRQHandler
                0x08002200      0x942 ./Drivers/STM32F4xx_HAL_Driver/Src/stm32f4xx_hal_pcd.o
                0x08002200                HAL_PCD_IRQHandler
 .text.HAL_PCD_SetAddress
                0x08002b42       0x48 ./Drivers/STM32F4xx_HAL_Driver/Src/stm32f4xx_hal_pcd.o
                0x08002b42                HAL_PCD_SetAddress
 .text.HAL_PCD_EP_Open
                0x08002b8a       0xd4 ./Drivers/STM32F4xx_HAL_Driver/Src/stm32f4xx_hal_pcd.o
                0x08002b8a                HAL_PCD_EP_Open
 .text.HAL_PCD_EP_Close
                0x08002c5e       0x94 ./Drivers/STM32F4xx_HAL_Driver/Src/stm32f4xx_hal_pcd.o
                0x08002c5e                HAL_PCD_EP_Close
 .text.HAL_PCD_EP_Receive
                0x08002cf2       0x76 ./Drivers/STM32F4xx_HAL_Driver/Src/stm32f4xx_hal_pcd.o
                0x08002cf2                HAL_PCD_EP_Receive
 .text.HAL_PCD_EP_GetRxCount
                0x08002d68       0x30 ./Drivers/STM32F4xx_HAL_Driver/Src/stm32f4xx_hal_pcd.o
                0x08002d68                HAL_PCD_EP_GetRxCount
 .text.HAL_PCD_EP_Transmit
                0x08002d98       0x74 ./Drivers/STM32F4xx_HAL_Driver/Src/stm32f4xx_hal_pcd.o
                0x08002d98                HAL_PCD_EP_Transmit
 .text.HAL_PCD_EP_SetStall
                0x08002e0c       0xc6 ./Drivers/STM32F4xx_HAL_Driver/Src/stm32f4xx_hal_pcd.o
                0x08002e0c                HAL_PCD_EP_SetStall
 .text.HAL_PCD_EP_ClrStall
                0x08002ed2       0xac ./Drivers/STM32F4xx_HAL_Driver/Src/stm32f4xx_hal_pcd.o
                0x08002ed2                HAL_PCD_EP_ClrStall
 .text.HAL_PCD_EP_Abort
                0x08002f7e       0x62 ./Drivers/STM32F4xx_HAL_Driver/Src/stm32f4xx_hal_pcd.o
                0x08002f7e                HAL_PCD_EP_Abort
 .text.PCD_WriteEmptyTxFifo
                0x08002fe0      0x118 ./Drivers/STM32F4xx_HAL_Driver/Src/stm32f4xx_hal_pcd.o
 .text.PCD_EP_OutXfrComplete_int
                0x080030f8      0x1d0 ./Drivers/STM32F4xx_HAL_Driver/Src/stm32f4xx_hal_pcd.o
 .text.PCD_EP_OutSetupPacket_int
                0x080032c8       0x8c ./Drivers/STM32F4xx_HAL_Driver/Src/stm32f4xx_hal_pcd.o
 .text.HAL_PCDEx_SetTxFiFo
                0x08003354       0x8e ./Drivers/STM32F4xx_HAL_Driver/Src/stm32f4xx_hal_pcd_ex.o
                0x08003354                HAL_PCDEx_SetTxFiFo
 .text.HAL_PCDEx_SetRxFiFo
                0x080033e2       0x22 ./Drivers/STM32F4xx_HAL_Driver/Src/stm32f4xx_hal_pcd_ex.o
                0x080033e2                HAL_PCDEx_SetRxFiFo
 .text.HAL_PCDEx_LPM_Callback
                0x08003404       0x18 ./Drivers/STM32F4xx_HAL_Driver/Src/stm32f4xx_hal_pcd_ex.o
                0x08003404                HAL_PCDEx_LPM_Callback
 .text.HAL_RCC_OscConfig
                0x0800341c      0x4f0 ./Drivers/STM32F4xx_HAL_Driver/Src/stm32f4xx_hal_rcc.o
                0x0800341c                HAL_RCC_OscConfig
 .text.HAL_RCC_ClockConfig
                0x0800390c      0x1cc ./Drivers/STM32F4xx_HAL_Driver/Src/stm32f4xx_hal_rcc.o
                0x0800390c                HAL_RCC_ClockConfig
 .text.HAL_RCC_GetSysClockFreq
                0x08003ad8      0x18c ./Drivers/STM32F4xx_HAL_Driver/Src/stm32f4xx_hal_rcc.o
                0x08003ad8                HAL_RCC_GetSysClockFreq
 .text.HAL_RCC_GetHCLKFreq
                0x08003c64       0x18 ./Drivers/STM32F4xx_HAL_Driver/Src/stm32f4xx_hal_rcc.o
                0x08003c64                HAL_RCC_GetHCLKFreq
 .text.HAL_RCC_GetPCLK1Freq
                0x08003c7c       0x28 ./Drivers/STM32F4xx_HAL_Driver/Src/stm32f4xx_hal_rcc.o
                0x08003c7c                HAL_RCC_GetPCLK1Freq
 .text.HAL_RCC_GetPCLK2Freq
                0x08003ca4       0x28 ./Drivers/STM32F4xx_HAL_Driver/Src/stm32f4xx_hal_rcc.o
                0x08003ca4                HAL_RCC_GetPCLK2Freq
 .text.HAL_TIM_Base_Init
                0x08003ccc       0x9e ./Drivers/STM32F4xx_HAL_Driver/Src/stm32f4xx_hal_tim.o
                0x08003ccc                HAL_TIM_Base_Init
 .text.HAL_TIM_ConfigClockSource
                0x08003d6a      0x18e ./Drivers/STM32F4xx_HAL_Driver/Src/stm32f4xx_hal_tim.o
                0x08003d6a                HAL_TIM_ConfigClockSource
 .text.TIM_Base_SetConfig
                0x08003ef8      0x118 ./Drivers/STM32F4xx_HAL_Driver/Src/stm32f4xx_hal_tim.o
                0x08003ef8                TIM_Base_SetConfig
 .text.TIM_TI1_ConfigInputStage
                0x08004010       0x5e ./Drivers/STM32F4xx_HAL_Driver/Src/stm32f4xx_hal_tim.o
 .text.TIM_TI2_ConfigInputStage
                0x0800406e       0x60 ./Drivers/STM32F4xx_HAL_Driver/Src/stm32f4xx_hal_tim.o
 .text.TIM_ITRx_SetConfig
                0x080040ce       0x36 ./Drivers/STM32F4xx_HAL_Driver/Src/stm32f4xx_hal_tim.o
 .text.TIM_ETR_SetConfig
                0x08004104       0x40 ./Drivers/STM32F4xx_HAL_Driver/Src/stm32f4xx_hal_tim.o
                0x08004104                TIM_ETR_SetConfig
 .text.HAL_UART_Init
                0x08004144       0xa0 ./Drivers/STM32F4xx_HAL_Driver/Src/stm32f4xx_hal_uart.o
                0x08004144                HAL_UART_Init
 .text.HAL_UART_Receive_DMA
                0x080041e4       0x4a ./Drivers/STM32F4xx_HAL_Driver/Src/stm32f4xx_hal_uart.o
                0x080041e4                HAL_UART_Receive_DMA
 *fill*         0x0800422e        0x2 
 .text.HAL_UART_IRQHandler
                0x08004230      0x524 ./Drivers/STM32F4xx_HAL_Driver/Src/stm32f4xx_hal_uart.o
                0x08004230                HAL_UART_IRQHandler
 .text.HAL_UART_TxCpltCallback
                0x08004754       0x14 ./Drivers/STM32F4xx_HAL_Driver/Src/stm32f4xx_hal_uart.o
                0x08004754                HAL_UART_TxCpltCallback
 .text.HAL_UART_RxCpltCallback
                0x08004768       0x14 ./Drivers/STM32F4xx_HAL_Driver/Src/stm32f4xx_hal_uart.o
                0x08004768                HAL_UART_RxCpltCallback
 .text.HAL_UART_RxHalfCpltCallback
                0x0800477c       0x14 ./Drivers/STM32F4xx_HAL_Driver/Src/stm32f4xx_hal_uart.o
                0x0800477c                HAL_UART_RxHalfCpltCallback
 .text.HAL_UART_ErrorCallback
                0x08004790       0x14 ./Drivers/STM32F4xx_HAL_Driver/Src/stm32f4xx_hal_uart.o
                0x08004790                HAL_UART_ErrorCallback
 .text.HAL_UARTEx_RxEventCallback
                0x080047a4       0x18 ./Drivers/STM32F4xx_HAL_Driver/Src/stm32f4xx_hal_uart.o
                0x080047a4                HAL_UARTEx_RxEventCallback
 .text.UART_DMAReceiveCplt
                0x080047bc      0x12c ./Drivers/STM32F4xx_HAL_Driver/Src/stm32f4xx_hal_uart.o
 .text.UART_DMARxHalfCplt
                0x080048e8       0x3c ./Drivers/STM32F4xx_HAL_Driver/Src/stm32f4xx_hal_uart.o
 .text.UART_DMAError
                0x08004924       0x94 ./Drivers/STM32F4xx_HAL_Driver/Src/stm32f4xx_hal_uart.o
 .text.UART_Start_Receive_DMA
                0x080049b8      0x134 ./Drivers/STM32F4xx_HAL_Driver/Src/stm32f4xx_hal_uart.o
                0x080049b8                UART_Start_Receive_DMA
 .text.UART_EndTxTransfer
                0x08004aec       0x50 ./Drivers/STM32F4xx_HAL_Driver/Src/stm32f4xx_hal_uart.o
 .text.UART_EndRxTransfer
                0x08004b3c       0xc6 ./Drivers/STM32F4xx_HAL_Driver/Src/stm32f4xx_hal_uart.o
 .text.UART_DMAAbortOnError
                0x08004c02       0x28 ./Drivers/STM32F4xx_HAL_Driver/Src/stm32f4xx_hal_uart.o
 .text.UART_Transmit_IT
                0x08004c2a       0xa0 ./Drivers/STM32F4xx_HAL_Driver/Src/stm32f4xx_hal_uart.o
 .text.UART_EndTransmit_IT
                0x08004cca       0x30 ./Drivers/STM32F4xx_HAL_Driver/Src/stm32f4xx_hal_uart.o
 .text.UART_Receive_IT
                0x08004cfa      0x17c ./Drivers/STM32F4xx_HAL_Driver/Src/stm32f4xx_hal_uart.o
 *fill*         0x08004e76        0x2 
 .text.UART_SetConfig
                0x08004e78      0x4e8 ./Drivers/STM32F4xx_HAL_Driver/Src/stm32f4xx_hal_uart.o
 .text.USB_CoreInit
                0x08005360       0xc8 ./Drivers/STM32F4xx_HAL_Driver/Src/stm32f4xx_ll_usb.o
                0x08005360                USB_CoreInit
 .text.USB_SetTurnaroundTime
                0x08005428      0x144 ./Drivers/STM32F4xx_HAL_Driver/Src/stm32f4xx_ll_usb.o
                0x08005428                USB_SetTurnaroundTime
 .text.USB_EnableGlobalInt
                0x0800556c       0x22 ./Drivers/STM32F4xx_HAL_Driver/Src/stm32f4xx_ll_usb.o
                0x0800556c                USB_EnableGlobalInt
 .text.USB_DisableGlobalInt
                0x0800558e       0x22 ./Drivers/STM32F4xx_HAL_Driver/Src/stm32f4xx_ll_usb.o
                0x0800558e                USB_DisableGlobalInt
 .text.USB_SetCurrentMode
                0x080055b0       0x98 ./Drivers/STM32F4xx_HAL_Driver/Src/stm32f4xx_ll_usb.o
                0x080055b0                USB_SetCurrentMode
 .text.USB_DevInit
                0x08005648      0x2c8 ./Drivers/STM32F4xx_HAL_Driver/Src/stm32f4xx_ll_usb.o
                0x08005648                USB_DevInit
 .text.USB_FlushTxFifo
                0x08005910       0x64 ./Drivers/STM32F4xx_HAL_Driver/Src/stm32f4xx_ll_usb.o
                0x08005910                USB_FlushTxFifo
 .text.USB_FlushRxFifo
                0x08005974       0x5c ./Drivers/STM32F4xx_HAL_Driver/Src/stm32f4xx_ll_usb.o
                0x08005974                USB_FlushRxFifo
 .text.USB_SetDevSpeed
                0x080059d0       0x32 ./Drivers/STM32F4xx_HAL_Driver/Src/stm32f4xx_ll_usb.o
                0x080059d0                USB_SetDevSpeed
 .text.USB_GetDevSpeed
                0x08005a02       0x4a ./Drivers/STM32F4xx_HAL_Driver/Src/stm32f4xx_ll_usb.o
                0x08005a02                USB_GetDevSpeed
 .text.USB_ActivateEndpoint
                0x08005a4c      0x10e ./Drivers/STM32F4xx_HAL_Driver/Src/stm32f4xx_ll_usb.o
                0x08005a4c                USB_ActivateEndpoint
 *fill*         0x08005b5a        0x2 
 .text.USB_DeactivateEndpoint
                0x08005b5c      0x1b8 ./Drivers/STM32F4xx_HAL_Driver/Src/stm32f4xx_ll_usb.o
                0x08005b5c                USB_DeactivateEndpoint
 .text.USB_EPStartXfer
                0x08005d14      0x53c ./Drivers/STM32F4xx_HAL_Driver/Src/stm32f4xx_ll_usb.o
                0x08005d14                USB_EPStartXfer
 .text.USB_EPStopXfer
                0x08006250      0x154 ./Drivers/STM32F4xx_HAL_Driver/Src/stm32f4xx_ll_usb.o
                0x08006250                USB_EPStopXfer
 .text.USB_WritePacket
                0x080063a4       0x7c ./Drivers/STM32F4xx_HAL_Driver/Src/stm32f4xx_ll_usb.o
                0x080063a4                USB_WritePacket
 .text.USB_ReadPacket
                0x08006420       0xb0 ./Drivers/STM32F4xx_HAL_Driver/Src/stm32f4xx_ll_usb.o
                0x08006420                USB_ReadPacket
 .text.USB_EPSetStall
                0x080064d0       0xdc ./Drivers/STM32F4xx_HAL_Driver/Src/stm32f4xx_ll_usb.o
                0x080064d0                USB_EPSetStall
 .text.USB_EPClearStall
                0x080065ac       0xcc ./Drivers/STM32F4xx_HAL_Driver/Src/stm32f4xx_ll_usb.o
                0x080065ac                USB_EPClearStall
 .text.USB_SetDevAddress
                0x08006678       0x4c ./Drivers/STM32F4xx_HAL_Driver/Src/stm32f4xx_ll_usb.o
                0x08006678                USB_SetDevAddress
 .text.USB_DevConnect
                0x080066c4       0x42 ./Drivers/STM32F4xx_HAL_Driver/Src/stm32f4xx_ll_usb.o
                0x080066c4                USB_DevConnect
 .text.USB_DevDisconnect
                0x08006706       0x42 ./Drivers/STM32F4xx_HAL_Driver/Src/stm32f4xx_ll_usb.o
                0x08006706                USB_DevDisconnect
 .text.USB_ReadInterrupts
                0x08006748       0x26 ./Drivers/STM32F4xx_HAL_Driver/Src/stm32f4xx_ll_usb.o
                0x08006748                USB_ReadInterrupts
 .text.USB_ReadDevAllOutEpInterrupt
                0x0800676e       0x34 ./Drivers/STM32F4xx_HAL_Driver/Src/stm32f4xx_ll_usb.o
                0x0800676e                USB_ReadDevAllOutEpInterrupt
 .text.USB_ReadDevAllInEpInterrupt
                0x080067a2       0x34 ./Drivers/STM32F4xx_HAL_Driver/Src/stm32f4xx_ll_usb.o
                0x080067a2                USB_ReadDevAllInEpInterrupt
 .text.USB_ReadDevOutEPInterrupt
                0x080067d6       0x3c ./Drivers/STM32F4xx_HAL_Driver/Src/stm32f4xx_ll_usb.o
                0x080067d6                USB_ReadDevOutEPInterrupt
 .text.USB_ReadDevInEPInterrupt
                0x08006812       0x5c ./Drivers/STM32F4xx_HAL_Driver/Src/stm32f4xx_ll_usb.o
                0x08006812                USB_ReadDevInEPInterrupt
 .text.USB_GetMode
                0x0800686e       0x1c ./Drivers/STM32F4xx_HAL_Driver/Src/stm32f4xx_ll_usb.o
                0x0800686e                USB_GetMode
 .text.USB_ActivateSetup
                0x0800688a       0x46 ./Drivers/STM32F4xx_HAL_Driver/Src/stm32f4xx_ll_usb.o
                0x0800688a                USB_ActivateSetup
 .text.USB_EP0_OutStart
                0x080068d0       0xbc ./Drivers/STM32F4xx_HAL_Driver/Src/stm32f4xx_ll_usb.o
                0x080068d0                USB_EP0_OutStart
 .text.USB_CoreReset
                0x0800698c       0x62 ./Drivers/STM32F4xx_HAL_Driver/Src/stm32f4xx_ll_usb.o
 *fill*         0x080069ee        0x2 
 .text.USBD_CDC_Init
                0x080069f0      0x1f0 ./Middlewares/ST/STM32_USB_Device_Library/Class/CDC/Src/usbd_cdc.o
 .text.USBD_CDC_DeInit
                0x08006be0      0x104 ./Middlewares/ST/STM32_USB_Device_Library/Class/CDC/Src/usbd_cdc.o
 .text.USBD_CDC_Setup
                0x08006ce4      0x1b8 ./Middlewares/ST/STM32_USB_Device_Library/Class/CDC/Src/usbd_cdc.o
 .text.USBD_CDC_DataIn
                0x08006e9c       0xfe ./Middlewares/ST/STM32_USB_Device_Library/Class/CDC/Src/usbd_cdc.o
 .text.USBD_CDC_DataOut
                0x08006f9a       0x70 ./Middlewares/ST/STM32_USB_Device_Library/Class/CDC/Src/usbd_cdc.o
 .text.USBD_CDC_EP0_RxReady
                0x0800700a       0x74 ./Middlewares/ST/STM32_USB_Device_Library/Class/CDC/Src/usbd_cdc.o
 *fill*         0x0800707e        0x2 
 .text.USBD_CDC_GetFSCfgDesc
                0x08007080       0x70 ./Middlewares/ST/STM32_USB_Device_Library/Class/CDC/Src/usbd_cdc.o
 .text.USBD_CDC_GetHSCfgDesc
                0x080070f0       0x70 ./Middlewares/ST/STM32_USB_Device_Library/Class/CDC/Src/usbd_cdc.o
 .text.USBD_CDC_GetOtherSpeedCfgDesc
                0x08007160       0x70 ./Middlewares/ST/STM32_USB_Device_Library/Class/CDC/Src/usbd_cdc.o
 .text.USBD_CDC_GetDeviceQualifierDescriptor
                0x080071d0       0x20 ./Middlewares/ST/STM32_USB_Device_Library/Class/CDC/Src/usbd_cdc.o
                0x080071d0                USBD_CDC_GetDeviceQualifierDescriptor
 .text.USBD_CDC_RegisterInterface
                0x080071f0       0x34 ./Middlewares/ST/STM32_USB_Device_Library/Class/CDC/Src/usbd_cdc.o
                0x080071f0                USBD_CDC_RegisterInterface
 .text.USBD_CDC_SetTxBuffer
                0x08007224       0x44 ./Middlewares/ST/STM32_USB_Device_Library/Class/CDC/Src/usbd_cdc.o
                0x08007224                USBD_CDC_SetTxBuffer
 .text.USBD_CDC_SetRxBuffer
                0x08007268       0x3a ./Middlewares/ST/STM32_USB_Device_Library/Class/CDC/Src/usbd_cdc.o
                0x08007268                USBD_CDC_SetRxBuffer
 *fill*         0x080072a2        0x2 
 .text.USBD_CDC_TransmitPacket
                0x080072a4       0x80 ./Middlewares/ST/STM32_USB_Device_Library/Class/CDC/Src/usbd_cdc.o
                0x080072a4                USBD_CDC_TransmitPacket
 .text.USBD_CDC_ReceivePacket
                0x08007324       0x6c ./Middlewares/ST/STM32_USB_Device_Library/Class/CDC/Src/usbd_cdc.o
                0x08007324                USBD_CDC_ReceivePacket
 .text.USBD_Init
                0x08007390       0x60 ./Middlewares/ST/STM32_USB_Device_Library/Core/Src/usbd_core.o
                0x08007390                USBD_Init
 .text.USBD_RegisterClass
                0x080073f0       0x6c ./Middlewares/ST/STM32_USB_Device_Library/Core/Src/usbd_core.o
                0x080073f0                USBD_RegisterClass
 .text.USBD_Start
                0x0800745c       0x18 ./Middlewares/ST/STM32_USB_Device_Library/Core/Src/usbd_core.o
                0x0800745c                USBD_Start
 .text.USBD_RunTestMode
                0x08007474       0x16 ./Middlewares/ST/STM32_USB_Device_Library/Core/Src/usbd_core.o
                0x08007474                USBD_RunTestMode
 .text.USBD_SetClassConfig
                0x0800748a       0x38 ./Middlewares/ST/STM32_USB_Device_Library/Core/Src/usbd_core.o
                0x0800748a                USBD_SetClassConfig
 .text.USBD_ClrClassConfig
                0x080074c2       0x34 ./Middlewares/ST/STM32_USB_Device_Library/Core/Src/usbd_core.o
                0x080074c2                USBD_ClrClassConfig
 .text.USBD_LL_SetupStage
                0x080074f6       0xaa ./Middlewares/ST/STM32_USB_Device_Library/Core/Src/usbd_core.o
                0x080074f6                USBD_LL_SetupStage
 .text.USBD_LL_DataOutStage
                0x080075a0      0x166 ./Middlewares/ST/STM32_USB_Device_Library/Core/Src/usbd_core.o
                0x080075a0                USBD_LL_DataOutStage
 .text.USBD_LL_DataInStage
                0x08007706      0x164 ./Middlewares/ST/STM32_USB_Device_Library/Core/Src/usbd_core.o
                0x08007706                USBD_LL_DataInStage
 .text.USBD_LL_Reset
                0x0800786a       0xa4 ./Middlewares/ST/STM32_USB_Device_Library/Core/Src/usbd_core.o
                0x0800786a                USBD_LL_Reset
 .text.USBD_LL_SetSpeed
                0x0800790e       0x20 ./Middlewares/ST/STM32_USB_Device_Library/Core/Src/usbd_core.o
                0x0800790e                USBD_LL_SetSpeed
 .text.USBD_LL_Suspend
                0x0800792e       0x38 ./Middlewares/ST/STM32_USB_Device_Library/Core/Src/usbd_core.o
                0x0800792e                USBD_LL_Suspend
 .text.USBD_LL_Resume
                0x08007966       0x30 ./Middlewares/ST/STM32_USB_Device_Library/Core/Src/usbd_core.o
                0x08007966                USBD_LL_Resume
 .text.USBD_LL_SOF
                0x08007996       0x40 ./Middlewares/ST/STM32_USB_Device_Library/Core/Src/usbd_core.o
                0x08007996                USBD_LL_SOF
 .text.USBD_LL_IsoINIncomplete
                0x080079d6       0x64 ./Middlewares/ST/STM32_USB_Device_Library/Core/Src/usbd_core.o
                0x080079d6                USBD_LL_IsoINIncomplete
 .text.USBD_LL_IsoOUTIncomplete
                0x08007a3a       0x64 ./Middlewares/ST/STM32_USB_Device_Library/Core/Src/usbd_core.o
                0x08007a3a                USBD_LL_IsoOUTIncomplete
 .text.USBD_LL_DevConnected
                0x08007a9e       0x16 ./Middlewares/ST/STM32_USB_Device_Library/Core/Src/usbd_core.o
                0x08007a9e                USBD_LL_DevConnected
 .text.USBD_LL_DevDisconnected
                0x08007ab4       0x46 ./Middlewares/ST/STM32_USB_Device_Library/Core/Src/usbd_core.o
                0x08007ab4                USBD_LL_DevDisconnected
 .text.USBD_CoreFindIF
                0x08007afa       0x1a ./Middlewares/ST/STM32_USB_Device_Library/Core/Src/usbd_core.o
                0x08007afa                USBD_CoreFindIF
 .text.USBD_CoreFindEP
                0x08007b14       0x1a ./Middlewares/ST/STM32_USB_Device_Library/Core/Src/usbd_core.o
                0x08007b14                USBD_CoreFindEP
 .text.USBD_GetEpDesc
                0x08007b2e       0x70 ./Middlewares/ST/STM32_USB_Device_Library/Core/Src/usbd_core.o
                0x08007b2e                USBD_GetEpDesc
 .text.USBD_GetNextDesc
                0x08007b9e       0x38 ./Middlewares/ST/STM32_USB_Device_Library/Core/Src/usbd_core.o
                0x08007b9e                USBD_GetNextDesc
 .text.SWAPBYTE
                0x08007bd6       0x3c ./Middlewares/ST/STM32_USB_Device_Library/Core/Src/usbd_ctlreq.o
 *fill*         0x08007c12        0x2 
 .text.USBD_StdDevReq
                0x08007c14       0xe4 ./Middlewares/ST/STM32_USB_Device_Library/Core/Src/usbd_ctlreq.o
                0x08007c14                USBD_StdDevReq
 .text.USBD_StdItfReq
                0x08007cf8       0xd8 ./Middlewares/ST/STM32_USB_Device_Library/Core/Src/usbd_ctlreq.o
                0x08007cf8                USBD_StdItfReq
 .text.USBD_StdEPReq
                0x08007dd0      0x33a ./Middlewares/ST/STM32_USB_Device_Library/Core/Src/usbd_ctlreq.o
                0x08007dd0                USBD_StdEPReq
 *fill*         0x0800810a        0x2 
 .text.USBD_GetDescriptor
                0x0800810c      0x2d4 ./Middlewares/ST/STM32_USB_Device_Library/Core/Src/usbd_ctlreq.o
 .text.USBD_SetAddress
                0x080083e0       0x88 ./Middlewares/ST/STM32_USB_Device_Library/Core/Src/usbd_ctlreq.o
 .text.USBD_SetConfig
                0x08008468      0x154 ./Middlewares/ST/STM32_USB_Device_Library/Core/Src/usbd_ctlreq.o
 .text.USBD_GetConfig
                0x080085bc       0x6c ./Middlewares/ST/STM32_USB_Device_Library/Core/Src/usbd_ctlreq.o
 .text.USBD_GetStatus
                0x08008628       0x68 ./Middlewares/ST/STM32_USB_Device_Library/Core/Src/usbd_ctlreq.o
 .text.USBD_SetFeature
                0x08008690       0x52 ./Middlewares/ST/STM32_USB_Device_Library/Core/Src/usbd_ctlreq.o
 .text.USBD_ClrFeature
                0x080086e2       0x44 ./Middlewares/ST/STM32_USB_Device_Library/Core/Src/usbd_ctlreq.o
 .text.USBD_ParseSetupRequest
                0x08008726       0x74 ./Middlewares/ST/STM32_USB_Device_Library/Core/Src/usbd_ctlreq.o
                0x08008726                USBD_ParseSetupRequest
 .text.USBD_CtlError
                0x0800879a       0x22 ./Middlewares/ST/STM32_USB_Device_Library/Core/Src/usbd_ctlreq.o
                0x0800879a                USBD_CtlError
 .text.USBD_GetString
                0x080087bc       0xa4 ./Middlewares/ST/STM32_USB_Device_Library/Core/Src/usbd_ctlreq.o
                0x080087bc                USBD_GetString
 .text.USBD_GetLen
                0x08008860       0x34 ./Middlewares/ST/STM32_USB_Device_Library/Core/Src/usbd_ctlreq.o
 .text.USBD_CtlSendData
                0x08008894       0x36 ./Middlewares/ST/STM32_USB_Device_Library/Core/Src/usbd_ioreq.o
                0x08008894                USBD_CtlSendData
 .text.USBD_CtlContinueSendData
                0x080088ca       0x22 ./Middlewares/ST/STM32_USB_Device_Library/Core/Src/usbd_ioreq.o
                0x080088ca                USBD_CtlContinueSendData
 .text.USBD_CtlPrepareRx
                0x080088ec       0x3a ./Middlewares/ST/STM32_USB_Device_Library/Core/Src/usbd_ioreq.o
                0x080088ec                USBD_CtlPrepareRx
 .text.USBD_CtlContinueRx
                0x08008926       0x22 ./Middlewares/ST/STM32_USB_Device_Library/Core/Src/usbd_ioreq.o
                0x08008926                USBD_CtlContinueRx
 .text.USBD_CtlSendStatus
                0x08008948       0x26 ./Middlewares/ST/STM32_USB_Device_Library/Core/Src/usbd_ioreq.o
                0x08008948                USBD_CtlSendStatus
 .text.USBD_CtlReceiveStatus
                0x0800896e       0x26 ./Middlewares/ST/STM32_USB_Device_Library/Core/Src/usbd_ioreq.o
                0x0800896e                USBD_CtlReceiveStatus
 .text.MX_USB_DEVICE_Init
                0x08008994       0x60 ./USB_DEVICE/App/usb_device.o
                0x08008994                MX_USB_DEVICE_Init
 .text.CDC_Init_FS
                0x080089f4       0x28 ./USB_DEVICE/App/usbd_cdc_if.o
 .text.CDC_DeInit_FS
                0x08008a1c       0x10 ./USB_DEVICE/App/usbd_cdc_if.o
 .text.CDC_Control_FS
                0x08008a2c       0xbc ./USB_DEVICE/App/usbd_cdc_if.o
 .text.CDC_Receive_FS
                0x08008ae8       0x28 ./USB_DEVICE/App/usbd_cdc_if.o
 .text.CDC_Transmit_FS
                0x08008b10       0x4c ./USB_DEVICE/App/usbd_cdc_if.o
                0x08008b10                CDC_Transmit_FS
 .text.CDC_TransmitCplt_FS
                0x08008b5c       0x22 ./USB_DEVICE/App/usbd_cdc_if.o
 *fill*         0x08008b7e        0x2 
 .text.USBD_FS_DeviceDescriptor
                0x08008b80       0x24 ./USB_DEVICE/App/usbd_desc.o
                0x08008b80                USBD_FS_DeviceDescriptor
 .text.USBD_FS_LangIDStrDescriptor
                0x08008ba4       0x24 ./USB_DEVICE/App/usbd_desc.o
                0x08008ba4                USBD_FS_LangIDStrDescriptor
 .text.USBD_FS_ProductStrDescriptor
                0x08008bc8       0x3c ./USB_DEVICE/App/usbd_desc.o
                0x08008bc8                USBD_FS_ProductStrDescriptor
 .text.USBD_FS_ManufacturerStrDescriptor
                0x08008c04       0x28 ./USB_DEVICE/App/usbd_desc.o
                0x08008c04                USBD_FS_ManufacturerStrDescriptor
 .text.USBD_FS_SerialStrDescriptor
                0x08008c2c       0x24 ./USB_DEVICE/App/usbd_desc.o
                0x08008c2c                USBD_FS_SerialStrDescriptor
 .text.USBD_FS_ConfigStrDescriptor
                0x08008c50       0x3c ./USB_DEVICE/App/usbd_desc.o
                0x08008c50                USBD_FS_ConfigStrDescriptor
 .text.USBD_FS_InterfaceStrDescriptor
                0x08008c8c       0x3c ./USB_DEVICE/App/usbd_desc.o
                0x08008c8c                USBD_FS_InterfaceStrDescriptor
 .text.Get_SerialNum
                0x08008cc8       0x58 ./USB_DEVICE/App/usbd_desc.o
 .text.IntToUnicode
                0x08008d20       0x7e ./USB_DEVICE/App/usbd_desc.o
 *fill*         0x08008d9e        0x2 
 .text.HAL_PCD_MspInit
                0x08008da0       0x98 ./USB_DEVICE/Target/usbd_conf.o
                0x08008da0                HAL_PCD_MspInit
 .text.HAL_PCD_SetupStageCallback
                0x08008e38       0x24 ./USB_DEVICE/Target/usbd_conf.o
                0x08008e38                HAL_PCD_SetupStageCallback
 .text.HAL_PCD_DataOutStageCallback
                0x08008e5c       0x36 ./USB_DEVICE/Target/usbd_conf.o
                0x08008e5c                HAL_PCD_DataOutStageCallback
 .text.HAL_PCD_DataInStageCallback
                0x08008e92       0x34 ./USB_DEVICE/Target/usbd_conf.o
                0x08008e92                HAL_PCD_DataInStageCallback
 .text.HAL_PCD_SOFCallback
                0x08008ec6       0x1c ./USB_DEVICE/Target/usbd_conf.o
                0x08008ec6                HAL_PCD_SOFCallback
 .text.HAL_PCD_ResetCallback
                0x08008ee2       0x50 ./USB_DEVICE/Target/usbd_conf.o
                0x08008ee2                HAL_PCD_ResetCallback
 *fill*         0x08008f32        0x2 
 .text.HAL_PCD_SuspendCallback
                0x08008f34       0x4c ./USB_DEVICE/Target/usbd_conf.o
                0x08008f34                HAL_PCD_SuspendCallback
 .text.HAL_PCD_ResumeCallback
                0x08008f80       0x1c ./USB_DEVICE/Target/usbd_conf.o
                0x08008f80                HAL_PCD_ResumeCallback
 .text.HAL_PCD_ISOOUTIncompleteCallback
                0x08008f9c       0x24 ./USB_DEVICE/Target/usbd_conf.o
                0x08008f9c                HAL_PCD_ISOOUTIncompleteCallback
 .text.HAL_PCD_ISOINIncompleteCallback
                0x08008fc0       0x24 ./USB_DEVICE/Target/usbd_conf.o
                0x08008fc0                HAL_PCD_ISOINIncompleteCallback
 .text.HAL_PCD_ConnectCallback
                0x08008fe4       0x1c ./USB_DEVICE/Target/usbd_conf.o
                0x08008fe4                HAL_PCD_ConnectCallback
 .text.HAL_PCD_DisconnectCallback
                0x08009000       0x1c ./USB_DEVICE/Target/usbd_conf.o
                0x08009000                HAL_PCD_DisconnectCallback
 .text.USBD_LL_Init
                0x0800901c       0x98 ./USB_DEVICE/Target/usbd_conf.o
                0x0800901c                USBD_LL_Init
 .text.USBD_LL_Start
                0x080090b4       0x36 ./USB_DEVICE/Target/usbd_conf.o
                0x080090b4                USBD_LL_Start
 .text.USBD_LL_OpenEP
                0x080090ea       0x4c ./USB_DEVICE/Target/usbd_conf.o
                0x080090ea                USBD_LL_OpenEP
 .text.USBD_LL_CloseEP
                0x08009136       0x3e ./USB_DEVICE/Target/usbd_conf.o
                0x08009136                USBD_LL_CloseEP
 .text.USBD_LL_StallEP
                0x08009174       0x3e ./USB_DEVICE/Target/usbd_conf.o
                0x08009174                USBD_LL_StallEP
 .text.USBD_LL_ClearStallEP
                0x080091b2       0x3e ./USB_DEVICE/Target/usbd_conf.o
                0x080091b2                USBD_LL_ClearStallEP
 .text.USBD_LL_IsStallEP
                0x080091f0       0x58 ./USB_DEVICE/Target/usbd_conf.o
                0x080091f0                USBD_LL_IsStallEP
 .text.USBD_LL_SetUSBAddress
                0x08009248       0x3e ./USB_DEVICE/Target/usbd_conf.o
                0x08009248                USBD_LL_SetUSBAddress
 .text.USBD_LL_Transmit
                0x08009286       0x42 ./USB_DEVICE/Target/usbd_conf.o
                0x08009286                USBD_LL_Transmit
 .text.USBD_LL_PrepareReceive
                0x080092c8       0x42 ./USB_DEVICE/Target/usbd_conf.o
                0x080092c8                USBD_LL_PrepareReceive
 .text.USBD_LL_GetRxDataSize
                0x0800930a       0x26 ./USB_DEVICE/Target/usbd_conf.o
                0x0800930a                USBD_LL_GetRxDataSize
 .text.USBD_static_malloc
                0x08009330       0x1c ./USB_DEVICE/Target/usbd_conf.o
                0x08009330                USBD_static_malloc
 .text.USBD_static_free
                0x0800934c       0x14 ./USB_DEVICE/Target/usbd_conf.o
                0x0800934c                USBD_static_free
 .text.USBD_Get_USB_Status
                0x08009360       0x58 ./USB_DEVICE/Target/usbd_conf.o
                0x08009360                USBD_Get_USB_Status
 .text.sulp     0x080093b8       0x3c /opt/st/stm32cubeide_1.16.1_3/plugins/com.st.stm32cube.ide.mcu.externaltools.gnu-tools-for-stm32.12.3.rel1.linux64_1.0.200.202406132123/tools/bin/../lib/gcc/arm-none-eabi/12.3.1/../../../../arm-none-eabi/lib/thumb/v7e-m+fp/hard/libc_nano.a(libc_a-strtod.o)
 *fill*         0x080093f4        0x4 
 .text._strtod_l
                0x080093f8      0xbc8 /opt/st/stm32cubeide_1.16.1_3/plugins/com.st.stm32cube.ide.mcu.externaltools.gnu-tools-for-stm32.12.3.rel1.linux64_1.0.200.202406132123/tools/bin/../lib/gcc/arm-none-eabi/12.3.1/../../../../arm-none-eabi/lib/thumb/v7e-m+fp/hard/libc_nano.a(libc_a-strtod.o)
                0x080093f8                _strtod_l
 .text.strtod   0x08009fc0       0x18 /opt/st/stm32cubeide_1.16.1_3/plugins/com.st.stm32cube.ide.mcu.externaltools.gnu-tools-for-stm32.12.3.rel1.linux64_1.0.200.202406132123/tools/bin/../lib/gcc/arm-none-eabi/12.3.1/../../../../arm-none-eabi/lib/thumb/v7e-m+fp/hard/libc_nano.a(libc_a-strtod.o)
                0x08009fc0                strtod
 .text.std      0x08009fd8       0x6c /opt/st/stm32cubeide_1.16.1_3/plugins/com.st.stm32cube.ide.mcu.externaltools.gnu-tools-for-stm32.12.3.rel1.linux64_1.0.200.202406132123/tools/bin/../lib/gcc/arm-none-eabi/12.3.1/../../../../arm-none-eabi/lib/thumb/v7e-m+fp/hard/libc_nano.a(libc_a-findfp.o)
 .text.stdio_exit_handler
                0x0800a044       0x18 /opt/st/stm32cubeide_1.16.1_3/plugins/com.st.stm32cube.ide.mcu.externaltools.gnu-tools-for-stm32.12.3.rel1.linux64_1.0.200.202406132123/tools/bin/../lib/gcc/arm-none-eabi/12.3.1/../../../../arm-none-eabi/lib/thumb/v7e-m+fp/hard/libc_nano.a(libc_a-findfp.o)
 .text.cleanup_stdio
                0x0800a05c       0x40 /opt/st/stm32cubeide_1.16.1_3/plugins/com.st.stm32cube.ide.mcu.externaltools.gnu-tools-for-stm32.12.3.rel1.linux64_1.0.200.202406132123/tools/bin/../lib/gcc/arm-none-eabi/12.3.1/../../../../arm-none-eabi/lib/thumb/v7e-m+fp/hard/libc_nano.a(libc_a-findfp.o)
 .text.global_stdio_init.part.0
                0x0800a09c       0x3c /opt/st/stm32cubeide_1.16.1_3/plugins/com.st.stm32cube.ide.mcu.externaltools.gnu-tools-for-stm32.12.3.rel1.linux64_1.0.200.202406132123/tools/bin/../lib/gcc/arm-none-eabi/12.3.1/../../../../arm-none-eabi/lib/thumb/v7e-m+fp/hard/libc_nano.a(libc_a-findfp.o)
 .text.__sfp_lock_acquire
                0x0800a0d8        0xc /opt/st/stm32cubeide_1.16.1_3/plugins/com.st.stm32cube.ide.mcu.externaltools.gnu-tools-for-stm32.12.3.rel1.linux64_1.0.200.202406132123/tools/bin/../lib/gcc/arm-none-eabi/12.3.1/../../../../arm-none-eabi/lib/thumb/v7e-m+fp/hard/libc_nano.a(libc_a-findfp.o)
                0x0800a0d8                __sfp_lock_acquire
 .text.__sfp_lock_release
                0x0800a0e4        0xc /opt/st/stm32cubeide_1.16.1_3/plugins/com.st.stm32cube.ide.mcu.externaltools.gnu-tools-for-stm32.12.3.rel1.linux64_1.0.200.202406132123/tools/bin/../lib/gcc/arm-none-eabi/12.3.1/../../../../arm-none-eabi/lib/thumb/v7e-m+fp/hard/libc_nano.a(libc_a-findfp.o)
                0x0800a0e4                __sfp_lock_release
 .text.__sinit  0x0800a0f0       0x30 /opt/st/stm32cubeide_1.16.1_3/plugins/com.st.stm32cube.ide.mcu.externaltools.gnu-tools-for-stm32.12.3.rel1.linux64_1.0.200.202406132123/tools/bin/../lib/gcc/arm-none-eabi/12.3.1/../../../../arm-none-eabi/lib/thumb/v7e-m+fp/hard/libc_nano.a(libc_a-findfp.o)
                0x0800a0f0                __sinit
 .text._fwalk_sglue
                0x0800a120       0x3c /opt/st/stm32cubeide_1.16.1_3/plugins/com.st.stm32cube.ide.mcu.externaltools.gnu-tools-for-stm32.12.3.rel1.linux64_1.0.200.202406132123/tools/bin/../lib/gcc/arm-none-eabi/12.3.1/../../../../arm-none-eabi/lib/thumb/v7e-m+fp/hard/libc_nano.a(libc_a-fwalk.o)
                0x0800a120                _fwalk_sglue
 .text.__sread  0x0800a15c       0x22 /opt/st/stm32cubeide_1.16.1_3/plugins/com.st.stm32cube.ide.mcu.externaltools.gnu-tools-for-stm32.12.3.rel1.linux64_1.0.200.202406132123/tools/bin/../lib/gcc/arm-none-eabi/12.3.1/../../../../arm-none-eabi/lib/thumb/v7e-m+fp/hard/libc_nano.a(libc_a-stdio.o)
                0x0800a15c                __sread
 .text.__swrite
                0x0800a17e       0x38 /opt/st/stm32cubeide_1.16.1_3/plugins/com.st.stm32cube.ide.mcu.externaltools.gnu-tools-for-stm32.12.3.rel1.linux64_1.0.200.202406132123/tools/bin/../lib/gcc/arm-none-eabi/12.3.1/../../../../arm-none-eabi/lib/thumb/v7e-m+fp/hard/libc_nano.a(libc_a-stdio.o)
                0x0800a17e                __swrite
 .text.__sseek  0x0800a1b6       0x24 /opt/st/stm32cubeide_1.16.1_3/plugins/com.st.stm32cube.ide.mcu.externaltools.gnu-tools-for-stm32.12.3.rel1.linux64_1.0.200.202406132123/tools/bin/../lib/gcc/arm-none-eabi/12.3.1/../../../../arm-none-eabi/lib/thumb/v7e-m+fp/hard/libc_nano.a(libc_a-stdio.o)
                0x0800a1b6                __sseek
 .text.__sclose
                0x0800a1da        0x8 /opt/st/stm32cubeide_1.16.1_3/plugins/com.st.stm32cube.ide.mcu.externaltools.gnu-tools-for-stm32.12.3.rel1.linux64_1.0.200.202406132123/tools/bin/../lib/gcc/arm-none-eabi/12.3.1/../../../../arm-none-eabi/lib/thumb/v7e-m+fp/hard/libc_nano.a(libc_a-stdio.o)
                0x0800a1da                __sclose
 .text.memset   0x0800a1e2       0x10 /opt/st/stm32cubeide_1.16.1_3/plugins/com.st.stm32cube.ide.mcu.externaltools.gnu-tools-for-stm32.12.3.rel1.linux64_1.0.200.202406132123/tools/bin/../lib/gcc/arm-none-eabi/12.3.1/../../../../arm-none-eabi/lib/thumb/v7e-m+fp/hard/libc_nano.a(libc_a-memset.o)
                0x0800a1e2                memset
 .text.strncmp  0x0800a1f2       0x24 /opt/st/stm32cubeide_1.16.1_3/plugins/com.st.stm32cube.ide.mcu.externaltools.gnu-tools-for-stm32.12.3.rel1.linux64_1.0.200.202406132123/tools/bin/../lib/gcc/arm-none-eabi/12.3.1/../../../../arm-none-eabi/lib/thumb/v7e-m+fp/hard/libc_nano.a(libc_a-strncmp.o)
                0x0800a1f2                strncmp
 *fill*         0x0800a216        0x2 
 .text._close_r
                0x0800a218       0x20 /opt/st/stm32cubeide_1.16.1_3/plugins/com.st.stm32cube.ide.mcu.externaltools.gnu-tools-for-stm32.12.3.rel1.linux64_1.0.200.202406132123/tools/bin/../lib/gcc/arm-none-eabi/12.3.1/../../../../arm-none-eabi/lib/thumb/v7e-m+fp/hard/libc_nano.a(libc_a-closer.o)
                0x0800a218                _close_r
 .text._lseek_r
                0x0800a238       0x24 /opt/st/stm32cubeide_1.16.1_3/plugins/com.st.stm32cube.ide.mcu.externaltools.gnu-tools-for-stm32.12.3.rel1.linux64_1.0.200.202406132123/tools/bin/../lib/gcc/arm-none-eabi/12.3.1/../../../../arm-none-eabi/lib/thumb/v7e-m+fp/hard/libc_nano.a(libc_a-lseekr.o)
                0x0800a238                _lseek_r
 .text._read_r  0x0800a25c       0x24 /opt/st/stm32cubeide_1.16.1_3/plugins/com.st.stm32cube.ide.mcu.externaltools.gnu-tools-for-stm32.12.3.rel1.linux64_1.0.200.202406132123/tools/bin/../lib/gcc/arm-none-eabi/12.3.1/../../../../arm-none-eabi/lib/thumb/v7e-m+fp/hard/libc_nano.a(libc_a-readr.o)
                0x0800a25c                _read_r
 .text._write_r
                0x0800a280       0x24 /opt/st/stm32cubeide_1.16.1_3/plugins/com.st.stm32cube.ide.mcu.externaltools.gnu-tools-for-stm32.12.3.rel1.linux64_1.0.200.202406132123/tools/bin/../lib/gcc/arm-none-eabi/12.3.1/../../../../arm-none-eabi/lib/thumb/v7e-m+fp/hard/libc_nano.a(libc_a-writer.o)
                0x0800a280                _write_r
 .text.__errno  0x0800a2a4        0xc /opt/st/stm32cubeide_1.16.1_3/plugins/com.st.stm32cube.ide.mcu.externaltools.gnu-tools-for-stm32.12.3.rel1.linux64_1.0.200.202406132123/tools/bin/../lib/gcc/arm-none-eabi/12.3.1/../../../../arm-none-eabi/lib/thumb/v7e-m+fp/hard/libc_nano.a(libc_a-errno.o)
                0x0800a2a4                __errno
 .text.__libc_init_array
                0x0800a2b0       0x48 /opt/st/stm32cubeide_1.16.1_3/plugins/com.st.stm32cube.ide.mcu.externaltools.gnu-tools-for-stm32.12.3.rel1.linux64_1.0.200.202406132123/tools/bin/../lib/gcc/arm-none-eabi/12.3.1/../../../../arm-none-eabi/lib/thumb/v7e-m+fp/hard/libc_nano.a(libc_a-init.o)
                0x0800a2b0                __libc_init_array
 .text.__retarget_lock_init_recursive
                0x0800a2f8        0x2 /opt/st/stm32cubeide_1.16.1_3/plugins/com.st.stm32cube.ide.mcu.externaltools.gnu-tools-for-stm32.12.3.rel1.linux64_1.0.200.202406132123/tools/bin/../lib/gcc/arm-none-eabi/12.3.1/../../../../arm-none-eabi/lib/thumb/v7e-m+fp/hard/libc_nano.a(libc_a-lock.o)
                0x0800a2f8                __retarget_lock_init_recursive
 .text.__retarget_lock_acquire_recursive
                0x0800a2fa        0x2 /opt/st/stm32cubeide_1.16.1_3/plugins/com.st.stm32cube.ide.mcu.externaltools.gnu-tools-for-stm32.12.3.rel1.linux64_1.0.200.202406132123/tools/bin/../lib/gcc/arm-none-eabi/12.3.1/../../../../arm-none-eabi/lib/thumb/v7e-m+fp/hard/libc_nano.a(libc_a-lock.o)
                0x0800a2fa                __retarget_lock_acquire_recursive
 .text.__retarget_lock_release_recursive
                0x0800a2fc        0x2 /opt/st/stm32cubeide_1.16.1_3/plugins/com.st.stm32cube.ide.mcu.externaltools.gnu-tools-for-stm32.12.3.rel1.linux64_1.0.200.202406132123/tools/bin/../lib/gcc/arm-none-eabi/12.3.1/../../../../arm-none-eabi/lib/thumb/v7e-m+fp/hard/libc_nano.a(libc_a-lock.o)
                0x0800a2fc                __retarget_lock_release_recursive
 .text.memcpy   0x0800a2fe       0x1c /opt/st/stm32cubeide_1.16.1_3/plugins/com.st.stm32cube.ide.mcu.externaltools.gnu-tools-for-stm32.12.3.rel1.linux64_1.0.200.202406132123/tools/bin/../lib/gcc/arm-none-eabi/12.3.1/../../../../arm-none-eabi/lib/thumb/v7e-m+fp/hard/libc_nano.a(libc_a-memcpy-stub.o)
                0x0800a2fe                memcpy
 *fill*         0x0800a31a        0x6 
 .text.nan      0x0800a320       0x10 /opt/st/stm32cubeide_1.16.1_3/plugins/com.st.stm32cube.ide.mcu.externaltools.gnu-tools-for-stm32.12.3.rel1.linux64_1.0.200.202406132123/tools/bin/../lib/gcc/arm-none-eabi/12.3.1/../../../../arm-none-eabi/lib/thumb/v7e-m+fp/hard/libc_nano.a(libm_a-s_nan.o)
                0x0800a320                nan
 .text._free_r  0x0800a330       0x94 /opt/st/stm32cubeide_1.16.1_3/plugins/com.st.stm32cube.ide.mcu.externaltools.gnu-tools-for-stm32.12.3.rel1.linux64_1.0.200.202406132123/tools/bin/../lib/gcc/arm-none-eabi/12.3.1/../../../../arm-none-eabi/lib/thumb/v7e-m+fp/hard/libc_nano.a(libc_a-freer.o)
                0x0800a330                _free_r
 .text.rshift   0x0800a3c4       0xa4 /opt/st/stm32cubeide_1.16.1_3/plugins/com.st.stm32cube.ide.mcu.externaltools.gnu-tools-for-stm32.12.3.rel1.linux64_1.0.200.202406132123/tools/bin/../lib/gcc/arm-none-eabi/12.3.1/../../../../arm-none-eabi/lib/thumb/v7e-m+fp/hard/libc_nano.a(libc_a-gdtoa-gethex.o)
 .text.__hexdig_fun
                0x0800a468       0x2a /opt/st/stm32cubeide_1.16.1_3/plugins/com.st.stm32cube.ide.mcu.externaltools.gnu-tools-for-stm32.12.3.rel1.linux64_1.0.200.202406132123/tools/bin/../lib/gcc/arm-none-eabi/12.3.1/../../../../arm-none-eabi/lib/thumb/v7e-m+fp/hard/libc_nano.a(libc_a-gdtoa-gethex.o)
                0x0800a468                __hexdig_fun
 *fill*         0x0800a492        0x2 
 .text.__gethex
                0x0800a494      0x420 /opt/st/stm32cubeide_1.16.1_3/plugins/com.st.stm32cube.ide.mcu.externaltools.gnu-tools-for-stm32.12.3.rel1.linux64_1.0.200.202406132123/tools/bin/../lib/gcc/arm-none-eabi/12.3.1/../../../../arm-none-eabi/lib/thumb/v7e-m+fp/hard/libc_nano.a(libc_a-gdtoa-gethex.o)
                0x0800a494                __gethex
 .text.L_shift  0x0800a8b4       0x24 /opt/st/stm32cubeide_1.16.1_3/plugins/com.st.stm32cube.ide.mcu.externaltools.gnu-tools-for-stm32.12.3.rel1.linux64_1.0.200.202406132123/tools/bin/../lib/gcc/arm-none-eabi/12.3.1/../../../../arm-none-eabi/lib/thumb/v7e-m+fp/hard/libc_nano.a(libc_a-gdtoa-hexnan.o)
 .text.__match  0x0800a8d8       0x28 /opt/st/stm32cubeide_1.16.1_3/plugins/com.st.stm32cube.ide.mcu.externaltools.gnu-tools-for-stm32.12.3.rel1.linux64_1.0.200.202406132123/tools/bin/../lib/gcc/arm-none-eabi/12.3.1/../../../../arm-none-eabi/lib/thumb/v7e-m+fp/hard/libc_nano.a(libc_a-gdtoa-hexnan.o)
                0x0800a8d8                __match
 .text.__hexnan
                0x0800a900      0x136 /opt/st/stm32cubeide_1.16.1_3/plugins/com.st.stm32cube.ide.mcu.externaltools.gnu-tools-for-stm32.12.3.rel1.linux64_1.0.200.202406132123/tools/bin/../lib/gcc/arm-none-eabi/12.3.1/../../../../arm-none-eabi/lib/thumb/v7e-m+fp/hard/libc_nano.a(libc_a-gdtoa-hexnan.o)
                0x0800a900                __hexnan
 *fill*         0x0800aa36        0x2 
 .text.sbrk_aligned
                0x0800aa38       0x44 /opt/st/stm32cubeide_1.16.1_3/plugins/com.st.stm32cube.ide.mcu.externaltools.gnu-tools-for-stm32.12.3.rel1.linux64_1.0.200.202406132123/tools/bin/../lib/gcc/arm-none-eabi/12.3.1/../../../../arm-none-eabi/lib/thumb/v7e-m+fp/hard/libc_nano.a(libc_a-mallocr.o)
 .text._malloc_r
                0x0800aa7c      0x100 /opt/st/stm32cubeide_1.16.1_3/plugins/com.st.stm32cube.ide.mcu.externaltools.gnu-tools-for-stm32.12.3.rel1.linux64_1.0.200.202406132123/tools/bin/../lib/gcc/arm-none-eabi/12.3.1/../../../../arm-none-eabi/lib/thumb/v7e-m+fp/hard/libc_nano.a(libc_a-mallocr.o)
                0x0800aa7c                _malloc_r
 .text.__ascii_mbtowc
                0x0800ab7c       0x24 /opt/st/stm32cubeide_1.16.1_3/plugins/com.st.stm32cube.ide.mcu.externaltools.gnu-tools-for-stm32.12.3.rel1.linux64_1.0.200.202406132123/tools/bin/../lib/gcc/arm-none-eabi/12.3.1/../../../../arm-none-eabi/lib/thumb/v7e-m+fp/hard/libc_nano.a(libc_a-mbtowc_r.o)
                0x0800ab7c                __ascii_mbtowc
 .text.__malloc_lock
                0x0800aba0        0xc /opt/st/stm32cubeide_1.16.1_3/plugins/com.st.stm32cube.ide.mcu.externaltools.gnu-tools-for-stm32.12.3.rel1.linux64_1.0.200.202406132123/tools/bin/../lib/gcc/arm-none-eabi/12.3.1/../../../../arm-none-eabi/lib/thumb/v7e-m+fp/hard/libc_nano.a(libc_a-mlock.o)
                0x0800aba0                __malloc_lock
 .text.__malloc_unlock
                0x0800abac        0xc /opt/st/stm32cubeide_1.16.1_3/plugins/com.st.stm32cube.ide.mcu.externaltools.gnu-tools-for-stm32.12.3.rel1.linux64_1.0.200.202406132123/tools/bin/../lib/gcc/arm-none-eabi/12.3.1/../../../../arm-none-eabi/lib/thumb/v7e-m+fp/hard/libc_nano.a(libc_a-mlock.o)
                0x0800abac                __malloc_unlock
 .text._Balloc  0x0800abb8       0x80 /opt/st/stm32cubeide_1.16.1_3/plugins/com.st.stm32cube.ide.mcu.externaltools.gnu-tools-for-stm32.12.3.rel1.linux64_1.0.200.202406132123/tools/bin/../lib/gcc/arm-none-eabi/12.3.1/../../../../arm-none-eabi/lib/thumb/v7e-m+fp/hard/libc_nano.a(libc_a-mprec.o)
                0x0800abb8                _Balloc
 .text._Bfree   0x0800ac38       0x44 /opt/st/stm32cubeide_1.16.1_3/plugins/com.st.stm32cube.ide.mcu.externaltools.gnu-tools-for-stm32.12.3.rel1.linux64_1.0.200.202406132123/tools/bin/../lib/gcc/arm-none-eabi/12.3.1/../../../../arm-none-eabi/lib/thumb/v7e-m+fp/hard/libc_nano.a(libc_a-mprec.o)
                0x0800ac38                _Bfree
 .text.__multadd
                0x0800ac7c       0x8c /opt/st/stm32cubeide_1.16.1_3/plugins/com.st.stm32cube.ide.mcu.externaltools.gnu-tools-for-stm32.12.3.rel1.linux64_1.0.200.202406132123/tools/bin/../lib/gcc/arm-none-eabi/12.3.1/../../../../arm-none-eabi/lib/thumb/v7e-m+fp/hard/libc_nano.a(libc_a-mprec.o)
                0x0800ac7c                __multadd
 .text.__s2b    0x0800ad08       0x94 /opt/st/stm32cubeide_1.16.1_3/plugins/com.st.stm32cube.ide.mcu.externaltools.gnu-tools-for-stm32.12.3.rel1.linux64_1.0.200.202406132123/tools/bin/../lib/gcc/arm-none-eabi/12.3.1/../../../../arm-none-eabi/lib/thumb/v7e-m+fp/hard/libc_nano.a(libc_a-mprec.o)
                0x0800ad08                __s2b
 .text.__hi0bits
                0x0800ad9c       0x3e /opt/st/stm32cubeide_1.16.1_3/plugins/com.st.stm32cube.ide.mcu.externaltools.gnu-tools-for-stm32.12.3.rel1.linux64_1.0.200.202406132123/tools/bin/../lib/gcc/arm-none-eabi/12.3.1/../../../../arm-none-eabi/lib/thumb/v7e-m+fp/hard/libc_nano.a(libc_a-mprec.o)
                0x0800ad9c                __hi0bits
 .text.__lo0bits
                0x0800adda       0x5a /opt/st/stm32cubeide_1.16.1_3/plugins/com.st.stm32cube.ide.mcu.externaltools.gnu-tools-for-stm32.12.3.rel1.linux64_1.0.200.202406132123/tools/bin/../lib/gcc/arm-none-eabi/12.3.1/../../../../arm-none-eabi/lib/thumb/v7e-m+fp/hard/libc_nano.a(libc_a-mprec.o)
                0x0800adda                __lo0bits
 .text.__i2b    0x0800ae34       0x2c /opt/st/stm32cubeide_1.16.1_3/plugins/com.st.stm32cube.ide.mcu.externaltools.gnu-tools-for-stm32.12.3.rel1.linux64_1.0.200.202406132123/tools/bin/../lib/gcc/arm-none-eabi/12.3.1/../../../../arm-none-eabi/lib/thumb/v7e-m+fp/hard/libc_nano.a(libc_a-mprec.o)
                0x0800ae34                __i2b
 .text.__multiply
                0x0800ae60      0x154 /opt/st/stm32cubeide_1.16.1_3/plugins/com.st.stm32cube.ide.mcu.externaltools.gnu-tools-for-stm32.12.3.rel1.linux64_1.0.200.202406132123/tools/bin/../lib/gcc/arm-none-eabi/12.3.1/../../../../arm-none-eabi/lib/thumb/v7e-m+fp/hard/libc_nano.a(libc_a-mprec.o)
                0x0800ae60                __multiply
 .text.__pow5mult
                0x0800afb4       0xb4 /opt/st/stm32cubeide_1.16.1_3/plugins/com.st.stm32cube.ide.mcu.externaltools.gnu-tools-for-stm32.12.3.rel1.linux64_1.0.200.202406132123/tools/bin/../lib/gcc/arm-none-eabi/12.3.1/../../../../arm-none-eabi/lib/thumb/v7e-m+fp/hard/libc_nano.a(libc_a-mprec.o)
                0x0800afb4                __pow5mult
 .text.__lshift
                0x0800b068       0xd8 /opt/st/stm32cubeide_1.16.1_3/plugins/com.st.stm32cube.ide.mcu.externaltools.gnu-tools-for-stm32.12.3.rel1.linux64_1.0.200.202406132123/tools/bin/../lib/gcc/arm-none-eabi/12.3.1/../../../../arm-none-eabi/lib/thumb/v7e-m+fp/hard/libc_nano.a(libc_a-mprec.o)
                0x0800b068                __lshift
 .text.__mcmp   0x0800b140       0x36 /opt/st/stm32cubeide_1.16.1_3/plugins/com.st.stm32cube.ide.mcu.externaltools.gnu-tools-for-stm32.12.3.rel1.linux64_1.0.200.202406132123/tools/bin/../lib/gcc/arm-none-eabi/12.3.1/../../../../arm-none-eabi/lib/thumb/v7e-m+fp/hard/libc_nano.a(libc_a-mprec.o)
                0x0800b140                __mcmp
 *fill*         0x0800b176        0x2 
 .text.__mdiff  0x0800b178      0x128 /opt/st/stm32cubeide_1.16.1_3/plugins/com.st.stm32cube.ide.mcu.externaltools.gnu-tools-for-stm32.12.3.rel1.linux64_1.0.200.202406132123/tools/bin/../lib/gcc/arm-none-eabi/12.3.1/../../../../arm-none-eabi/lib/thumb/v7e-m+fp/hard/libc_nano.a(libc_a-mprec.o)
                0x0800b178                __mdiff
 .text.__ulp    0x0800b2a0       0x4c /opt/st/stm32cubeide_1.16.1_3/plugins/com.st.stm32cube.ide.mcu.externaltools.gnu-tools-for-stm32.12.3.rel1.linux64_1.0.200.202406132123/tools/bin/../lib/gcc/arm-none-eabi/12.3.1/../../../../arm-none-eabi/lib/thumb/v7e-m+fp/hard/libc_nano.a(libc_a-mprec.o)
                0x0800b2a0                __ulp
 .text.__b2d    0x0800b2ec       0x94 /opt/st/stm32cubeide_1.16.1_3/plugins/com.st.stm32cube.ide.mcu.externaltools.gnu-tools-for-stm32.12.3.rel1.linux64_1.0.200.202406132123/tools/bin/../lib/gcc/arm-none-eabi/12.3.1/../../../../arm-none-eabi/lib/thumb/v7e-m+fp/hard/libc_nano.a(libc_a-mprec.o)
                0x0800b2ec                __b2d
 .text.__d2b    0x0800b380       0xb0 /opt/st/stm32cubeide_1.16.1_3/plugins/com.st.stm32cube.ide.mcu.externaltools.gnu-tools-for-stm32.12.3.rel1.linux64_1.0.200.202406132123/tools/bin/../lib/gcc/arm-none-eabi/12.3.1/../../../../arm-none-eabi/lib/thumb/v7e-m+fp/hard/libc_nano.a(libc_a-mprec.o)
                0x0800b380                __d2b
 .text.__ratio  0x0800b430       0x64 /opt/st/stm32cubeide_1.16.1_3/plugins/com.st.stm32cube.ide.mcu.externaltools.gnu-tools-for-stm32.12.3.rel1.linux64_1.0.200.202406132123/tools/bin/../lib/gcc/arm-none-eabi/12.3.1/../../../../arm-none-eabi/lib/thumb/v7e-m+fp/hard/libc_nano.a(libc_a-mprec.o)
                0x0800b430                __ratio
 .text.__copybits
                0x0800b494       0x46 /opt/st/stm32cubeide_1.16.1_3/plugins/com.st.stm32cube.ide.mcu.externaltools.gnu-tools-for-stm32.12.3.rel1.linux64_1.0.200.202406132123/tools/bin/../lib/gcc/arm-none-eabi/12.3.1/../../../../arm-none-eabi/lib/thumb/v7e-m+fp/hard/libc_nano.a(libc_a-mprec.o)
                0x0800b494                __copybits
 .text.__any_on
                0x0800b4da       0x42 /opt/st/stm32cubeide_1.16.1_3/plugins/com.st.stm32cube.ide.mcu.externaltools.gnu-tools-for-stm32.12.3.rel1.linux64_1.0.200.202406132123/tools/bin/../lib/gcc/arm-none-eabi/12.3.1/../../../../arm-none-eabi/lib/thumb/v7e-m+fp/hard/libc_nano.a(libc_a-mprec.o)
                0x0800b4da                __any_on
 .text.__ascii_wctomb
                0x0800b51c       0x1a /opt/st/stm32cubeide_1.16.1_3/plugins/com.st.stm32cube.ide.mcu.externaltools.gnu-tools-for-stm32.12.3.rel1.linux64_1.0.200.202406132123/tools/bin/../lib/gcc/arm-none-eabi/12.3.1/../../../../arm-none-eabi/lib/thumb/v7e-m+fp/hard/libc_nano.a(libc_a-wctomb_r.o)
                0x0800b51c                __ascii_wctomb
 *fill*         0x0800b536        0x2 
 .text.__sflush_r
                0x0800b538      0x108 /opt/st/stm32cubeide_1.16.1_3/plugins/com.st.stm32cube.ide.mcu.externaltools.gnu-tools-for-stm32.12.3.rel1.linux64_1.0.200.202406132123/tools/bin/../lib/gcc/arm-none-eabi/12.3.1/../../../../arm-none-eabi/lib/thumb/v7e-m+fp/hard/libc_nano.a(libc_a-fflush.o)
                0x0800b538                __sflush_r
 .text._fflush_r
                0x0800b640       0x50 /opt/st/stm32cubeide_1.16.1_3/plugins/com.st.stm32cube.ide.mcu.externaltools.gnu-tools-for-stm32.12.3.rel1.linux64_1.0.200.202406132123/tools/bin/../lib/gcc/arm-none-eabi/12.3.1/../../../../arm-none-eabi/lib/thumb/v7e-m+fp/hard/libc_nano.a(libc_a-fflush.o)
                0x0800b640                _fflush_r
 .text._sbrk_r  0x0800b690       0x20 /opt/st/stm32cubeide_1.16.1_3/plugins/com.st.stm32cube.ide.mcu.externaltools.gnu-tools-for-stm32.12.3.rel1.linux64_1.0.200.202406132123/tools/bin/../lib/gcc/arm-none-eabi/12.3.1/../../../../arm-none-eabi/lib/thumb/v7e-m+fp/hard/libc_nano.a(libc_a-sbrkr.o)
                0x0800b690                _sbrk_r
 .text.__assert_func
                0x0800b6b0       0x3c /opt/st/stm32cubeide_1.16.1_3/plugins/com.st.stm32cube.ide.mcu.externaltools.gnu-tools-for-stm32.12.3.rel1.linux64_1.0.200.202406132123/tools/bin/../lib/gcc/arm-none-eabi/12.3.1/../../../../arm-none-eabi/lib/thumb/v7e-m+fp/hard/libc_nano.a(libc_a-assert.o)
                0x0800b6b0                __assert_func
 .text._calloc_r
                0x0800b6ec       0x28 /opt/st/stm32cubeide_1.16.1_3/plugins/com.st.stm32cube.ide.mcu.externaltools.gnu-tools-for-stm32.12.3.rel1.linux64_1.0.200.202406132123/tools/bin/../lib/gcc/arm-none-eabi/12.3.1/../../../../arm-none-eabi/lib/thumb/v7e-m+fp/hard/libc_nano.a(libc_a-callocr.o)
                0x0800b6ec                _calloc_r
 .text.malloc   0x0800b714       0x10 /opt/st/stm32cubeide_1.16.1_3/plugins/com.st.stm32cube.ide.mcu.externaltools.gnu-tools-for-stm32.12.3.rel1.linux64_1.0.200.202406132123/tools/bin/../lib/gcc/arm-none-eabi/12.3.1/../../../../arm-none-eabi/lib/thumb/v7e-m+fp/hard/libc_nano.a(libc_a-malloc.o)
                0x0800b714                malloc
 .text.fprintf  0x0800b724       0x24 /opt/st/stm32cubeide_1.16.1_3/plugins/com.st.stm32cube.ide.mcu.externaltools.gnu-tools-for-stm32.12.3.rel1.linux64_1.0.200.202406132123/tools/bin/../lib/gcc/arm-none-eabi/12.3.1/../../../../arm-none-eabi/lib/thumb/v7e-m+fp/hard/libc_nano.a(libc_a-fprintf.o)
                0x0800b724                fprintf
                0x0800b724                fiprintf
 .text.abort    0x0800b748        0xe /opt/st/stm32cubeide_1.16.1_3/plugins/com.st.stm32cube.ide.mcu.externaltools.gnu-tools-for-stm32.12.3.rel1.linux64_1.0.200.202406132123/tools/bin/../lib/gcc/arm-none-eabi/12.3.1/../../../../arm-none-eabi/lib/thumb/v7e-m+fp/hard/libc_nano.a(libc_a-abort.o)
                0x0800b748                abort
 .text.__sfputc_r
                0x0800b756       0x2e /opt/st/stm32cubeide_1.16.1_3/plugins/com.st.stm32cube.ide.mcu.externaltools.gnu-tools-for-stm32.12.3.rel1.linux64_1.0.200.202406132123/tools/bin/../lib/gcc/arm-none-eabi/12.3.1/../../../../arm-none-eabi/lib/thumb/v7e-m+fp/hard/libc_nano.a(libc_a-nano-vfprintf.o)
 .text.__sfputs_r
                0x0800b784       0x24 /opt/st/stm32cubeide_1.16.1_3/plugins/com.st.stm32cube.ide.mcu.externaltools.gnu-tools-for-stm32.12.3.rel1.linux64_1.0.200.202406132123/tools/bin/../lib/gcc/arm-none-eabi/12.3.1/../../../../arm-none-eabi/lib/thumb/v7e-m+fp/hard/libc_nano.a(libc_a-nano-vfprintf.o)
                0x0800b784                __sfputs_r
 .text._vfprintf_r
                0x0800b7a8      0x230 /opt/st/stm32cubeide_1.16.1_3/plugins/com.st.stm32cube.ide.mcu.externaltools.gnu-tools-for-stm32.12.3.rel1.linux64_1.0.200.202406132123/tools/bin/../lib/gcc/arm-none-eabi/12.3.1/../../../../arm-none-eabi/lib/thumb/v7e-m+fp/hard/libc_nano.a(libc_a-nano-vfprintf.o)
                0x0800b7a8                _vfiprintf_r
                0x0800b7a8                _vfprintf_r
 .text._printf_common
                0x0800b9d8       0xda /opt/st/stm32cubeide_1.16.1_3/plugins/com.st.stm32cube.ide.mcu.externaltools.gnu-tools-for-stm32.12.3.rel1.linux64_1.0.200.202406132123/tools/bin/../lib/gcc/arm-none-eabi/12.3.1/../../../../arm-none-eabi/lib/thumb/v7e-m+fp/hard/libc_nano.a(libc_a-nano-vfprintf_i.o)
                0x0800b9d8                _printf_common
 *fill*         0x0800bab2        0x2 
 .text._printf_i
                0x0800bab4      0x240 /opt/st/stm32cubeide_1.16.1_3/plugins/com.st.stm32cube.ide.mcu.externaltools.gnu-tools-for-stm32.12.3.rel1.linux64_1.0.200.202406132123/tools/bin/../lib/gcc/arm-none-eabi/12.3.1/../../../../arm-none-eabi/lib/thumb/v7e-m+fp/hard/libc_nano.a(libc_a-nano-vfprintf_i.o)
                0x0800bab4                _printf_i
 .text.__swbuf_r
                0x0800bcf4       0x7c /opt/st/stm32cubeide_1.16.1_3/plugins/com.st.stm32cube.ide.mcu.externaltools.gnu-tools-for-stm32.12.3.rel1.linux64_1.0.200.202406132123/tools/bin/../lib/gcc/arm-none-eabi/12.3.1/../../../../arm-none-eabi/lib/thumb/v7e-m+fp/hard/libc_nano.a(libc_a-wbuf.o)
                0x0800bcf4                __swbuf_r
 .text.__swsetup_r
                0x0800bd70       0xac /opt/st/stm32cubeide_1.16.1_3/plugins/com.st.stm32cube.ide.mcu.externaltools.gnu-tools-for-stm32.12.3.rel1.linux64_1.0.200.202406132123/tools/bin/../lib/gcc/arm-none-eabi/12.3.1/../../../../arm-none-eabi/lib/thumb/v7e-m+fp/hard/libc_nano.a(libc_a-wsetup.o)
                0x0800bd70                __swsetup_r
 .text._raise_r
                0x0800be1c       0x50 /opt/st/stm32cubeide_1.16.1_3/plugins/com.st.stm32cube.ide.mcu.externaltools.gnu-tools-for-stm32.12.3.rel1.linux64_1.0.200.202406132123/tools/bin/../lib/gcc/arm-none-eabi/12.3.1/../../../../arm-none-eabi/lib/thumb/v7e-m+fp/hard/libc_nano.a(libc_a-signal.o)
                0x0800be1c                _raise_r
 .text.raise    0x0800be6c       0x10 /opt/st/stm32cubeide_1.16.1_3/plugins/com.st.stm32cube.ide.mcu.externaltools.gnu-tools-for-stm32.12.3.rel1.linux64_1.0.200.202406132123/tools/bin/../lib/gcc/arm-none-eabi/12.3.1/../../../../arm-none-eabi/lib/thumb/v7e-m+fp/hard/libc_nano.a(libc_a-signal.o)
                0x0800be6c                raise
 .text._kill_r  0x0800be7c       0x24 /opt/st/stm32cubeide_1.16.1_3/plugins/com.st.stm32cube.ide.mcu.externaltools.gnu-tools-for-stm32.12.3.rel1.linux64_1.0.200.202406132123/tools/bin/../lib/gcc/arm-none-eabi/12.3.1/../../../../arm-none-eabi/lib/thumb/v7e-m+fp/hard/libc_nano.a(libc_a-signalr.o)
                0x0800be7c                _kill_r
 .text._getpid_r
                0x0800bea0        0x4 /opt/st/stm32cubeide_1.16.1_3/plugins/com.st.stm32cube.ide.mcu.externaltools.gnu-tools-for-stm32.12.3.rel1.linux64_1.0.200.202406132123/tools/bin/../lib/gcc/arm-none-eabi/12.3.1/../../../../arm-none-eabi/lib/thumb/v7e-m+fp/hard/libc_nano.a(libc_a-signalr.o)
                0x0800bea0                _getpid_r
 .text.__swhatbuf_r
                0x0800bea4       0x4c /opt/st/stm32cubeide_1.16.1_3/plugins/com.st.stm32cube.ide.mcu.externaltools.gnu-tools-for-stm32.12.3.rel1.linux64_1.0.200.202406132123/tools/bin/../lib/gcc/arm-none-eabi/12.3.1/../../../../arm-none-eabi/lib/thumb/v7e-m+fp/hard/libc_nano.a(libc_a-makebuf.o)
                0x0800bea4                __swhatbuf_r
 .text.__smakebuf_r
                0x0800bef0       0x78 /opt/st/stm32cubeide_1.16.1_3/plugins/com.st.stm32cube.ide.mcu.externaltools.gnu-tools-for-stm32.12.3.rel1.linux64_1.0.200.202406132123/tools/bin/../lib/gcc/arm-none-eabi/12.3.1/../../../../arm-none-eabi/lib/thumb/v7e-m+fp/hard/libc_nano.a(libc_a-makebuf.o)
                0x0800bef0                __smakebuf_r
 .text._fstat_r
                0x0800bf68       0x24 /opt/st/stm32cubeide_1.16.1_3/plugins/com.st.stm32cube.ide.mcu.externaltools.gnu-tools-for-stm32.12.3.rel1.linux64_1.0.200.202406132123/tools/bin/../lib/gcc/arm-none-eabi/12.3.1/../../../../arm-none-eabi/lib/thumb/v7e-m+fp/hard/libc_nano.a(libc_a-fstatr.o)
                0x0800bf68                _fstat_r
 .text._isatty_r
                0x0800bf8c       0x20 /opt/st/stm32cubeide_1.16.1_3/plugins/com.st.stm32cube.ide.mcu.externaltools.gnu-tools-for-stm32.12.3.rel1.linux64_1.0.200.202406132123/tools/bin/../lib/gcc/arm-none-eabi/12.3.1/../../../../arm-none-eabi/lib/thumb/v7e-m+fp/hard/libc_nano.a(libc_a-isattyr.o)
                0x0800bf8c                _isatty_r
 *(.glue_7)
 .glue_7        0x0800bfac        0x0 linker stubs
 *(.glue_7t)
 .glue_7t       0x0800bfac        0x0 linker stubs
 *(.eh_frame)
 .eh_frame      0x0800bfac        0x0 /opt/st/stm32cubeide_1.16.1_3/plugins/com.st.stm32cube.ide.mcu.externaltools.gnu-tools-for-stm32.12.3.rel1.linux64_1.0.200.202406132123/tools/bin/../lib/gcc/arm-none-eabi/12.3.1/thumb/v7e-m+fp/hard/crtbegin.o
 *(.init)
 .init          0x0800bfac        0x4 /opt/st/stm32cubeide_1.16.1_3/plugins/com.st.stm32cube.ide.mcu.externaltools.gnu-tools-for-stm32.12.3.rel1.linux64_1.0.200.202406132123/tools/bin/../lib/gcc/arm-none-eabi/12.3.1/thumb/v7e-m+fp/hard/crti.o
                0x0800bfac                _init
 .init          0x0800bfb0        0x8 /opt/st/stm32cubeide_1.16.1_3/plugins/com.st.stm32cube.ide.mcu.externaltools.gnu-tools-for-stm32.12.3.rel1.linux64_1.0.200.202406132123/tools/bin/../lib/gcc/arm-none-eabi/12.3.1/thumb/v7e-m+fp/hard/crtn.o
 *(.fini)
 .fini          0x0800bfb8        0x4 /opt/st/stm32cubeide_1.16.1_3/plugins/com.st.stm32cube.ide.mcu.externaltools.gnu-tools-for-stm32.12.3.rel1.linux64_1.0.200.202406132123/tools/bin/../lib/gcc/arm-none-eabi/12.3.1/thumb/v7e-m+fp/hard/crti.o
                0x0800bfb8                _fini
 .fini          0x0800bfbc        0x8 /opt/st/stm32cubeide_1.16.1_3/plugins/com.st.stm32cube.ide.mcu.externaltools.gnu-tools-for-stm32.12.3.rel1.linux64_1.0.200.202406132123/tools/bin/../lib/gcc/arm-none-eabi/12.3.1/thumb/v7e-m+fp/hard/crtn.o
                0x0800bfc4                        . = ALIGN (0x4)
                0x0800bfc4                        _etext = .

.vfp11_veneer   0x0800bfc4        0x0
 .vfp11_veneer  0x0800bfc4        0x0 linker stubs

.v4_bx          0x0800bfc4        0x0
 .v4_bx         0x0800bfc4        0x0 linker stubs

.iplt           0x0800bfc4        0x0
 .iplt          0x0800bfc4        0x0 /opt/st/stm32cubeide_1.16.1_3/plugins/com.st.stm32cube.ide.mcu.externaltools.gnu-tools-for-stm32.12.3.rel1.linux64_1.0.200.202406132123/tools/bin/../lib/gcc/arm-none-eabi/12.3.1/thumb/v7e-m+fp/hard/crtbegin.o

.rodata         0x0800bfc8      0x418
                0x0800bfc8                        . = ALIGN (0x4)
 *(.rodata)
 .rodata        0x0800bfc8       0x46 ./USB_DEVICE/App/usbd_desc.o
 *(.rodata*)
 *fill*         0x0800c00e        0x2 
 .rodata.AHBPrescTable
                0x0800c010       0x10 ./Core/Src/system_stm32f4xx.o
                0x0800c010                AHBPrescTable
 .rodata.APBPrescTable
                0x0800c020        0x8 ./Core/Src/system_stm32f4xx.o
                0x0800c020                APBPrescTable
 .rodata._strtod_l.str1.1
                0x0800c028        0xe /opt/st/stm32cubeide_1.16.1_3/plugins/com.st.stm32cube.ide.mcu.externaltools.gnu-tools-for-stm32.12.3.rel1.linux64_1.0.200.202406132123/tools/bin/../lib/gcc/arm-none-eabi/12.3.1/../../../../arm-none-eabi/lib/thumb/v7e-m+fp/hard/libc_nano.a(libc_a-strtod.o)
                                  0xf (size before relaxing)
 *fill*         0x0800c036        0x2 
 .rodata.fpinan.0
                0x0800c038       0x14 /opt/st/stm32cubeide_1.16.1_3/plugins/com.st.stm32cube.ide.mcu.externaltools.gnu-tools-for-stm32.12.3.rel1.linux64_1.0.200.202406132123/tools/bin/../lib/gcc/arm-none-eabi/12.3.1/../../../../arm-none-eabi/lib/thumb/v7e-m+fp/hard/libc_nano.a(libc_a-strtod.o)
 .rodata.fpi.1  0x0800c04c       0x14 /opt/st/stm32cubeide_1.16.1_3/plugins/com.st.stm32cube.ide.mcu.externaltools.gnu-tools-for-stm32.12.3.rel1.linux64_1.0.200.202406132123/tools/bin/../lib/gcc/arm-none-eabi/12.3.1/../../../../arm-none-eabi/lib/thumb/v7e-m+fp/hard/libc_nano.a(libc_a-strtod.o)
 .rodata.tinytens
                0x0800c060       0x28 /opt/st/stm32cubeide_1.16.1_3/plugins/com.st.stm32cube.ide.mcu.externaltools.gnu-tools-for-stm32.12.3.rel1.linux64_1.0.200.202406132123/tools/bin/../lib/gcc/arm-none-eabi/12.3.1/../../../../arm-none-eabi/lib/thumb/v7e-m+fp/hard/libc_nano.a(libc_a-strtod.o)
 .rodata._setlocale_r.str1.1
                0x0800c088        0x8 /opt/st/stm32cubeide_1.16.1_3/plugins/com.st.stm32cube.ide.mcu.externaltools.gnu-tools-for-stm32.12.3.rel1.linux64_1.0.200.202406132123/tools/bin/../lib/gcc/arm-none-eabi/12.3.1/../../../../arm-none-eabi/lib/thumb/v7e-m+fp/hard/libc_nano.a(libc_a-locale.o)
                                  0x9 (size before relaxing)
 .rodata.str1.1
                0x0800c090        0x2 /opt/st/stm32cubeide_1.16.1_3/plugins/com.st.stm32cube.ide.mcu.externaltools.gnu-tools-for-stm32.12.3.rel1.linux64_1.0.200.202406132123/tools/bin/../lib/gcc/arm-none-eabi/12.3.1/../../../../arm-none-eabi/lib/thumb/v7e-m+fp/hard/libc_nano.a(libc_a-locale.o)
 .rodata.__gethex.str1.1
                0x0800c090       0x71 /opt/st/stm32cubeide_1.16.1_3/plugins/com.st.stm32cube.ide.mcu.externaltools.gnu-tools-for-stm32.12.3.rel1.linux64_1.0.200.202406132123/tools/bin/../lib/gcc/arm-none-eabi/12.3.1/../../../../arm-none-eabi/lib/thumb/v7e-m+fp/hard/libc_nano.a(libc_a-gdtoa-gethex.o)
                                 0x73 (size before relaxing)
 .rodata._Balloc.str1.1
                0x0800c101       0x70 /opt/st/stm32cubeide_1.16.1_3/plugins/com.st.stm32cube.ide.mcu.externaltools.gnu-tools-for-stm32.12.3.rel1.linux64_1.0.200.202406132123/tools/bin/../lib/gcc/arm-none-eabi/12.3.1/../../../../arm-none-eabi/lib/thumb/v7e-m+fp/hard/libc_nano.a(libc_a-mprec.o)
 .rodata.__multadd.str1.1
                0x0800c171       0x11 /opt/st/stm32cubeide_1.16.1_3/plugins/com.st.stm32cube.ide.mcu.externaltools.gnu-tools-for-stm32.12.3.rel1.linux64_1.0.200.202406132123/tools/bin/../lib/gcc/arm-none-eabi/12.3.1/../../../../arm-none-eabi/lib/thumb/v7e-m+fp/hard/libc_nano.a(libc_a-mprec.o)
 *fill*         0x0800c171        0x3 
 .rodata.p05.0  0x0800c174        0xc /opt/st/stm32cubeide_1.16.1_3/plugins/com.st.stm32cube.ide.mcu.externaltools.gnu-tools-for-stm32.12.3.rel1.linux64_1.0.200.202406132123/tools/bin/../lib/gcc/arm-none-eabi/12.3.1/../../../../arm-none-eabi/lib/thumb/v7e-m+fp/hard/libc_nano.a(libc_a-mprec.o)
 .rodata.__mprec_bigtens
                0x0800c180       0x28 /opt/st/stm32cubeide_1.16.1_3/plugins/com.st.stm32cube.ide.mcu.externaltools.gnu-tools-for-stm32.12.3.rel1.linux64_1.0.200.202406132123/tools/bin/../lib/gcc/arm-none-eabi/12.3.1/../../../../arm-none-eabi/lib/thumb/v7e-m+fp/hard/libc_nano.a(libc_a-mprec.o)
                0x0800c180                __mprec_bigtens
 .rodata.__mprec_tens
                0x0800c1a8       0xc8 /opt/st/stm32cubeide_1.16.1_3/plugins/com.st.stm32cube.ide.mcu.externaltools.gnu-tools-for-stm32.12.3.rel1.linux64_1.0.200.202406132123/tools/bin/../lib/gcc/arm-none-eabi/12.3.1/../../../../arm-none-eabi/lib/thumb/v7e-m+fp/hard/libc_nano.a(libc_a-mprec.o)
                0x0800c1a8                __mprec_tens
 .rodata._ctype_
                0x0800c270      0x101 /opt/st/stm32cubeide_1.16.1_3/plugins/com.st.stm32cube.ide.mcu.externaltools.gnu-tools-for-stm32.12.3.rel1.linux64_1.0.200.202406132123/tools/bin/../lib/gcc/arm-none-eabi/12.3.1/../../../../arm-none-eabi/lib/thumb/v7e-m+fp/hard/libc_nano.a(libc_a-ctype_.o)
                0x0800c270                _ctype_
 .rodata.__assert_func.str1.1
                0x0800c371       0x3c /opt/st/stm32cubeide_1.16.1_3/plugins/com.st.stm32cube.ide.mcu.externaltools.gnu-tools-for-stm32.12.3.rel1.linux64_1.0.200.202406132123/tools/bin/../lib/gcc/arm-none-eabi/12.3.1/../../../../arm-none-eabi/lib/thumb/v7e-m+fp/hard/libc_nano.a(libc_a-assert.o)
                                 0x3d (size before relaxing)
 .rodata._vfprintf_r.str1.1
                0x0800c3ad       0x11 /opt/st/stm32cubeide_1.16.1_3/plugins/com.st.stm32cube.ide.mcu.externaltools.gnu-tools-for-stm32.12.3.rel1.linux64_1.0.200.202406132123/tools/bin/../lib/gcc/arm-none-eabi/12.3.1/../../../../arm-none-eabi/lib/thumb/v7e-m+fp/hard/libc_nano.a(libc_a-nano-vfprintf.o)
 .rodata._printf_i.str1.1
                0x0800c3be       0x22 /opt/st/stm32cubeide_1.16.1_3/plugins/com.st.stm32cube.ide.mcu.externaltools.gnu-tools-for-stm32.12.3.rel1.linux64_1.0.200.202406132123/tools/bin/../lib/gcc/arm-none-eabi/12.3.1/../../../../arm-none-eabi/lib/thumb/v7e-m+fp/hard/libc_nano.a(libc_a-nano-vfprintf_i.o)
                0x0800c3e0                        . = ALIGN (0x4)

.ARM.extab      0x0800c3e0        0x0
                0x0800c3e0                        . = ALIGN (0x4)
 *(.ARM.extab* .gnu.linkonce.armextab.*)
                0x0800c3e0                        . = ALIGN (0x4)

.ARM            0x0800c3e0        0x8
                0x0800c3e0                        . = ALIGN (0x4)
                0x0800c3e0                        __exidx_start = .
 *(.ARM.exidx*)
 .ARM.exidx     0x0800c3e0        0x8 /opt/st/stm32cubeide_1.16.1_3/plugins/com.st.stm32cube.ide.mcu.externaltools.gnu-tools-for-stm32.12.3.rel1.linux64_1.0.200.202406132123/tools/bin/../lib/gcc/arm-none-eabi/12.3.1/../../../../arm-none-eabi/lib/thumb/v7e-m+fp/hard/libc_nano.a(libc_a-memchr.o)
 .ARM.exidx     0x0800c3e8        0x0 /opt/st/stm32cubeide_1.16.1_3/plugins/com.st.stm32cube.ide.mcu.externaltools.gnu-tools-for-stm32.12.3.rel1.linux64_1.0.200.202406132123/tools/bin/../lib/gcc/arm-none-eabi/12.3.1/thumb/v7e-m+fp/hard/libgcc.a(_udivmoddi4.o)
                                  0x8 (size before relaxing)
                0x0800c3e8                        __exidx_end = .
                0x0800c3e8                        . = ALIGN (0x4)

.preinit_array  0x0800c3e8        0x0
                0x0800c3e8                        . = ALIGN (0x4)
                0x0800c3e8                        PROVIDE (__preinit_array_start = .)
 *(.preinit_array*)
                0x0800c3e8                        PROVIDE (__preinit_array_end = .)
                0x0800c3e8                        . = ALIGN (0x4)

.init_array     0x0800c3e8        0x4
                0x0800c3e8                        . = ALIGN (0x4)
                0x0800c3e8                        PROVIDE (__init_array_start = .)
 *(SORT_BY_NAME(.init_array.*))
 *(.init_array*)
 .init_array    0x0800c3e8        0x4 /opt/st/stm32cubeide_1.16.1_3/plugins/com.st.stm32cube.ide.mcu.externaltools.gnu-tools-for-stm32.12.3.rel1.linux64_1.0.200.202406132123/tools/bin/../lib/gcc/arm-none-eabi/12.3.1/thumb/v7e-m+fp/hard/crtbegin.o
                0x0800c3ec                        PROVIDE (__init_array_end = .)
                0x0800c3ec                        . = ALIGN (0x4)

.fini_array     0x0800c3ec        0x4
                0x0800c3ec                        . = ALIGN (0x4)
                [!provide]                        PROVIDE (__fini_array_start = .)
 *(SORT_BY_NAME(.fini_array.*))
 *(.fini_array*)
 .fini_array    0x0800c3ec        0x4 /opt/st/stm32cubeide_1.16.1_3/plugins/com.st.stm32cube.ide.mcu.externaltools.gnu-tools-for-stm32.12.3.rel1.linux64_1.0.200.202406132123/tools/bin/../lib/gcc/arm-none-eabi/12.3.1/thumb/v7e-m+fp/hard/crtbegin.o
                [!provide]                        PROVIDE (__fini_array_end = .)
                0x0800c3f0                        . = ALIGN (0x4)
                0x0800c3f0                        _sidata = LOADADDR (.data)

.rel.dyn        0x0800c3f0        0x0
 .rel.iplt      0x0800c3f0        0x0 /opt/st/stm32cubeide_1.16.1_3/plugins/com.st.stm32cube.ide.mcu.externaltools.gnu-tools-for-stm32.12.3.rel1.linux64_1.0.200.202406132123/tools/bin/../lib/gcc/arm-none-eabi/12.3.1/thumb/v7e-m+fp/hard/crtbegin.o

.data           0x20000000      0x2c4 load address 0x0800c3f0
                0x20000000                        . = ALIGN (0x4)
                0x20000000                        _sdata = .
 *(.data)
 *(.data*)
 .data.SystemCoreClock
                0x20000000        0x4 ./Core/Src/system_stm32f4xx.o
                0x20000000                SystemCoreClock
 .data.uwTickPrio
                0x20000004        0x4 ./Drivers/STM32F4xx_HAL_Driver/Src/stm32f4xx_hal.o
                0x20000004                uwTickPrio
 .data.uwTickFreq
                0x20000008        0x1 ./Drivers/STM32F4xx_HAL_Driver/Src/stm32f4xx_hal.o
                0x20000008                uwTickFreq
 *fill*         0x20000009        0x3 
 .data.USBD_CDC_DeviceQualifierDesc
                0x2000000c        0xa ./Middlewares/ST/STM32_USB_Device_Library/Class/CDC/Src/usbd_cdc.o
 *fill*         0x20000016        0x2 
 .data.USBD_CDC
                0x20000018       0x38 ./Middlewares/ST/STM32_USB_Device_Library/Class/CDC/Src/usbd_cdc.o
                0x20000018                USBD_CDC
 .data.USBD_CDC_CfgDesc
                0x20000050       0x43 ./Middlewares/ST/STM32_USB_Device_Library/Class/CDC/Src/usbd_cdc.o
 .data.CDCInEpAdd
                0x20000093        0x1 ./Middlewares/ST/STM32_USB_Device_Library/Class/CDC/Src/usbd_cdc.o
 .data.CDCOutEpAdd